 advertisement

 Timestamp is 5832c09f (Mon Nov 21 17:38:39 2016)

 Preferred load address is 00400000

 Start         Length     Name                   Class
 0001:00000000 00016040H .text                   CODE
 0002:00000000 000000dcH .idata$5                DATA
 0002:000000e0 0000157cH .rdata                  DATA
 0002:0000165c 00000014H .idata$2                DATA
 0002:00001670 00000014H .idata$3                DATA
 0002:00001684 000000dcH .idata$4                DATA
 0002:00001760 000003c4H .idata$6                DATA
 0002:00001b24 00000000H .edata                  DATA
 0003:00000000 00000004H .CRT$XCA                DATA
 0003:00000004 00000004H .CRT$XCU                DATA
 0003:00000008 00000004H .CRT$XCZ                DATA
 0003:0000000c 00000004H .CRT$XIA                DATA
 0003:00000010 0000000cH .CRT$XIC                DATA
 0003:0000001c 00000004H .CRT$XIZ                DATA
 0003:00000020 00000004H .CRT$XPA                DATA
 0003:00000024 00000004H .CRT$XPX                DATA
 0003:00000028 00000004H .CRT$XPZ                DATA
 0003:0000002c 00000004H .CRT$XTA                DATA
 0003:00000030 00000004H .CRT$XTZ                DATA
 0003:00000040 00000f44H .data                   DATA
 0003:00000f88 000f17b8H .bss                    DATA

  Address         Publics by Value              Rva+Base     Lib:Object

 0001:00000000       ?sys_int@@YAXXZ            00401000 f   sys_int.obj
 0001:000000f0       ?Wave_Rd@@YAXXZ            004010f0 f   Wave_Rd.obj
 0001:00000190       ?wavhead_get@@YAXXZ        00401190 f   Wavehead_get.obj
 0001:00000260       ?array_max@@YA?AU_corrstr@@PANH@Z 00401260 f   array_max.obj
 0001:00000320       ?data_convert@@YAXXZ       00401320 f   data_convert.obj
 0001:00000420       ?dss_sync@@YAXXZ           00401420 f   dss_sync.obj
 0001:000006e0       ?filter@@YAXXZ             004016e0 f   filter.obj
 0001:000008a0       ?filter_aligned@@YAXXZ     004018a0 f   filter_aligned.obj
 0001:000009f0       ?ifft_fft@@YAXPAUComplex@@H@Z 004019f0 f   Ifft_fft.obj
 0001:00000e40       ?CalcWfft@@YAXPAUComplex@@H@Z 00401e40 f   Ifft_fft.obj
 0001:00000ee0       ?ComMul@@YA?AUComplex@@U1@0@Z 00401ee0 f   Ifft_fft.obj
 0001:00000f40       ?conj@@YAXPAUComplex@@HH@Z 00401f40 f   Ifft_fft.obj
 0001:00000fc0       ?ComAdd@@YA?AUComplex@@U1@0@Z 00401fc0 f   Ifft_fft.obj
 0001:00001010       _cosf                      00402010 f i Ifft_fft.obj
 0001:00001050       ?ComSub@@YA?AUComplex@@U1@0@Z 00402050 f   Ifft_fft.obj
 0001:000010a0       ?BitRevers@@YAHHH@Z        004020a0 f   Ifft_fft.obj
 0001:00001110       ?Displace@@YAXPANHH@Z      00402110 f   Ifft_fft.obj
 0001:000011b0       _sinf                      004021b0 f i Ifft_fft.obj
 0001:000011f0       ?Reform@@YAHPAPANH@Z       004021f0 f   Ifft_fft.obj
 0001:000012a0       ?linxcorr_fft@@YAXPAN@Z    004022a0 f   linxcorr_fft.obj
 0001:00001570       ?process_acquireddata@@YAXXZ 00402570 f   process_acquireddata.obj
 0001:000016a0       ?Sig_Engergy@@YANPANH@Z    004026a0 f   Sig_Engergy.obj
 0001:00001710       ?wmk_extrac@@YAXXZ         00402710 f   wmk_extrac.obj
 0001:000017e0       _main                      004027e0 f   psy_top.obj
 0001:00001990       ?State_Switchini@@YAXXZ    00402990 f   State_Switchini.obj
 0001:000019d0       __fpmath                   004029d0 f   LIBCD:fpinit.obj
 0001:00001a00       __fpclear                  00402a00 f   LIBCD:fpinit.obj
 0001:00001a10       __cfltcvt_init             00402a10 f   LIBCD:fpinit.obj
 0001:00001a60       ___setfflag                00402a60 f   LIBCD:fpinit.obj
 0001:00001a80       __chkesp                   00402a80 f   LIBCD:chkesp.obj
 0001:00001ac0       __cinit                    00402ac0 f   LIBCD:crt0dat.obj
 0001:00001b00       _exit                      00402b00 f   LIBCD:crt0dat.obj
 0001:00001b20       __exit                     00402b20 f   LIBCD:crt0dat.obj
 0001:00001b40       __cexit                    00402b40 f   LIBCD:crt0dat.obj
 0001:00001b60       __c_exit                   00402b60 f   LIBCD:crt0dat.obj
 0001:00001c90       __fsopen                   00402c90 f   LIBCD:fopen.obj
 0001:00001d80       _fopen                     00402d80 f   LIBCD:fopen.obj
 0001:00001da0       _sprintf                   00402da0 f   LIBCD:sprintf.obj
 0001:00001ea0       _scanf                     00402ea0 f   LIBCD:scanf.obj
 0001:00001f00       _printf                    00402f00 f   LIBCD:printf.obj
 0001:00001f80       _fread                     00402f80 f   LIBCD:fread.obj
 0001:00002150       _fgetc                     00403150 f   LIBCD:fgetc.obj
 0001:000021e0       _getc                      004031e0 f   LIBCD:fgetc.obj
 0001:00002200       _abs                       00403200 f   LIBCD:abs.obj
 0001:00002230       __chkstk                   00403230 f   LIBCD:chkstk.obj
 0001:00002230       __alloca_probe             00403230 f   LIBCD:chkstk.obj
 0001:00002260       _malloc                    00403260 f   LIBCD:dbgheap.obj
 0001:00002280       __malloc_dbg               00403280 f   LIBCD:dbgheap.obj
 0001:000022b0       __nh_malloc                004032b0 f   LIBCD:dbgheap.obj
 0001:000022d0       __nh_malloc_dbg            004032d0 f   LIBCD:dbgheap.obj
 0001:00002320       __heap_alloc               00403320 f   LIBCD:dbgheap.obj
 0001:00002340       __heap_alloc_dbg           00403340 f   LIBCD:dbgheap.obj
 0001:00002660       _calloc                    00403660 f   LIBCD:dbgheap.obj
 0001:00002680       __calloc_dbg               00403680 f   LIBCD:dbgheap.obj
 0001:000026e0       _realloc                   004036e0 f   LIBCD:dbgheap.obj
 0001:00002700       __realloc_dbg              00403700 f   LIBCD:dbgheap.obj
 0001:00002c50       __expand                   00403c50 f   LIBCD:dbgheap.obj
 0001:00002c70       __expand_dbg               00403c70 f   LIBCD:dbgheap.obj
 0001:00002ca0       _free                      00403ca0 f   LIBCD:dbgheap.obj
 0001:00002cc0       __free_dbg                 00403cc0 f   LIBCD:dbgheap.obj
 0001:000030b0       __msize                    004040b0 f   LIBCD:dbgheap.obj
 0001:000030d0       __msize_dbg                004040d0 f   LIBCD:dbgheap.obj
 0001:00003220       __CrtSetBreakAlloc         00404220 f   LIBCD:dbgheap.obj
 0001:00003240       __CrtSetDbgBlockType       00404240 f   LIBCD:dbgheap.obj
 0001:000032d0       __CrtSetAllocHook          004042d0 f   LIBCD:dbgheap.obj
 0001:00003380       __CrtCheckMemory           00404380 f   LIBCD:dbgheap.obj
 0001:000036e0       __CrtSetDbgFlag            004046e0 f   LIBCD:dbgheap.obj
 0001:00003710       __CrtDoForAllClientObjects 00404710 f   LIBCD:dbgheap.obj
 0001:00003770       __CrtIsValidPointer        00404770 f   LIBCD:dbgheap.obj
 0001:000037c0       __CrtIsValidHeapPointer    004047c0 f   LIBCD:dbgheap.obj
 0001:00003850       __CrtIsMemoryBlock         00404850 f   LIBCD:dbgheap.obj
 0001:00003920       __CrtSetDumpClient         00404920 f   LIBCD:dbgheap.obj
 0001:00003940       __CrtMemCheckpoint         00404940 f   LIBCD:dbgheap.obj
 0001:00003aa0       __CrtMemDifference         00404aa0 f   LIBCD:dbgheap.obj
 0001:00003bd0       __CrtMemDumpAllObjectsSince 00404bd0 f   LIBCD:dbgheap.obj
 0001:00003fa0       __CrtDumpMemoryLeaks       00404fa0 f   LIBCD:dbgheap.obj
 0001:00004020       __CrtMemDumpStatistics     00405020 f   LIBCD:dbgheap.obj
 0001:000040f0       _clock                     004050f0 f   LIBCD:clock.obj
 0001:00004160       ___inittime                00405160 f   LIBCD:clock.obj
 0001:000041a0       __CIpow                    004051a0 f   LIBCD:pow.obj
 0001:000041b9       _pow                       004051b9 f   LIBCD:pow.obj
 0001:000043c0       __ftol                     004053c0 f   LIBCD:ftol.obj
 0001:000043f0       __CIcos                    004053f0 f   LIBCD:cos.obj
 0001:00004404       _cos                       00405404 f   LIBCD:cos.obj
 0001:000044a0       __CIsin                    004054a0 f   LIBCD:sin.obj
 0001:000044b4       _sin                       004054b4 f   LIBCD:sin.obj
 0001:00004550       __CIsqrt                   00405550 f   LIBCD:sqrt.obj
 0001:00004564       _sqrt                      00405564 f   LIBCD:sqrt.obj
 0001:00004610       _fseek                     00405610 f   LIBCD:fseek.obj
 0001:00004740       _fclose                    00405740 f   LIBCD:fclose.obj
 0001:00004820       _mainCRTStartup            00405820 f   LIBCD:crt0.obj
 0001:00004950       __amsg_exit                00405950 f   LIBCD:crt0.obj
 0001:000049b0       __setdefaultprecision      004059b0 f   LIBCD:fp8.obj
 0001:000049d0       __ms_p5_test_fdiv          004059d0 f   LIBCD:testfdiv.obj
 0001:00004a30       __ms_p5_mp_test_fdiv       00405a30 f   LIBCD:testfdiv.obj
 0001:00004a80       __forcdecpt                00405a80 f   LIBCD:cvt.obj
 0001:00004b30       __cropzeros                00405b30 f   LIBCD:cvt.obj
 0001:00004c10       __positive                 00405c10 f   LIBCD:cvt.obj
 0001:00004c40       __fassign                  00405c40 f   LIBCD:cvt.obj
 0001:00004c90       __cftoe                    00405c90 f   LIBCD:cvt.obj
 0001:00004e50       __cftof                    00405e50 f   LIBCD:cvt.obj
 0001:00004fe0       __cftog                    00405fe0 f   LIBCD:cvt.obj
 0001:00005150       __cfltcvt                  00406150 f   LIBCD:cvt.obj
 0001:000051e0       __CrtDbgBreak              004061e0 f   LIBCD:dbgrpt.obj
 0001:000051f0       __CrtSetReportMode         004061f0 f   LIBCD:dbgrpt.obj
 0001:00005250       __CrtSetReportFile         00406250 f   LIBCD:dbgrpt.obj
 0001:000052d0       __CrtSetReportHook         004062d0 f   LIBCD:dbgrpt.obj
 0001:000052f0       __CrtDbgReport             004062f0 f   LIBCD:dbgrpt.obj
 0001:00005990       __openfile                 00406990 f   LIBCD:_open.obj
 0001:00005d20       __getstream                00406d20 f   LIBCD:stream.obj
 0001:00005e10       __flsbuf                   00406e10 f   LIBCD:_flsbuf.obj
 0001:00006090       __output                   00407090 f   LIBCD:output.obj
 0001:00006f30       __input                    00407f30 f   LIBCD:input.obj
 0001:00008430       ___initstdio               00409430 f   LIBCD:_file.obj
 0001:00008560       ___endstdio                00409560 f   LIBCD:_file.obj
 0001:00008580       __stbuf                    00409580 f   LIBCD:_sftbuf.obj
 0001:000086e0       __ftbuf                    004096e0 f   LIBCD:_sftbuf.obj
 0001:000087a0       __filbuf                   004097a0 f   LIBCD:_filbuf.obj
 0001:00008980       __read                     00409980 f   LIBCD:read.obj
 0001:00008de0       _memcpy                    00409de0 f   LIBCD:memcpy.obj
 0001:00009120       ?_set_new_handler@@YAP6AHI@ZP6AHI@Z@Z 0040a120 f   LIBCD:handler.obj
 0001:00009140       ?_query_new_handler@@YAP6AHI@ZXZ 0040a140 f   LIBCD:handler.obj
 0001:00009150       __callnewh                 0040a150 f   LIBCD:handler.obj
 0001:00009180       _memset                    0040a180 f   LIBCD:memset.obj
 0001:000091e0       __malloc_base              0040a1e0 f   LIBCD:malloc.obj
 0001:00009200       __nh_malloc_base           0040a200 f   LIBCD:malloc.obj
 0001:00009260       __heap_alloc_base          0040a260 f   LIBCD:malloc.obj
 0001:000092c0       __CrtDefaultAllocHook      0040a2c0 f   LIBCD:dbghook.obj
 0001:000092d0       __expand_base              0040a2d0 f   LIBCD:expand.obj
 0001:00009360       __realloc_base             0040a360 f   LIBCD:realloc.obj
 0001:00009530       __free_base                0040a530 f   LIBCD:free.obj
 0001:00009580       __heapchk                  0040a580 f   LIBCD:heapchk.obj
 0001:000095e0       __heapset                  0040a5e0 f   LIBCD:heapchk.obj
 0001:000095f0       __heap_init                0040a5f0 f   LIBCD:heapinit.obj
 0001:00009640       __heap_term                0040a640 f   LIBCD:heapinit.obj
 0001:000096e0       __get_sbh_threshold        0040a6e0 f   LIBCD:sbheap.obj
 0001:000096f0       __set_sbh_threshold        0040a6f0 f   LIBCD:sbheap.obj
 0001:00009710       ___sbh_heap_init           0040a710 f   LIBCD:sbheap.obj
 0001:00009770       ___sbh_find_block          0040a770 f   LIBCD:sbheap.obj
 0001:000097d0       ___sbh_verify_block        0040a7d0 f   LIBCD:sbheap.obj
 0001:00009830       ___sbh_free_block          0040a830 f   LIBCD:sbheap.obj
 0001:00009e00       ___sbh_alloc_block         0040ae00 f   LIBCD:sbheap.obj
 0001:0000a340       ___sbh_alloc_new_region    0040b340 f   LIBCD:sbheap.obj
 0001:0000a450       ___sbh_alloc_new_group     0040b450 f   LIBCD:sbheap.obj
 0001:0000a640       ___sbh_resize_block        0040b640 f   LIBCD:sbheap.obj
 0001:0000ac30       ___sbh_heapmin             0040bc30 f   LIBCD:sbheap.obj
 0001:0000ad60       ___sbh_heap_check          0040bd60 f   LIBCD:sbheap.obj
 0001:0000b380       __isctype                  0040c380 f   LIBCD:isctype.obj
 0001:0000b440       __aulldiv                  0040c440 f   LIBCD:ulldiv.obj
 0001:0000b4b0       __allshl                   0040c4b0 f   LIBCD:llshl.obj
 0001:0000b4e1       __fFEXP                    0040c4e1 f   LIBCD:87tran.obj
 0001:0000b548       __rtinfpopse               0040c548 f   LIBCD:87tran.obj
 0001:0000b54a       __rtinfnpopse              0040c54a f   LIBCD:87tran.obj
 0001:0000b55a       __fFLN                     0040c55a f   LIBCD:87tran.obj
 0001:0000b60f       __rtinfpop                 0040c60f f   LIBCD:87tran.obj
 0001:0000b611       __rtinfnpop                0040c611 f   LIBCD:87tran.obj
 0001:0000b62e       __ffexpm1                  0040c62e f   LIBCD:87tran.obj
 0001:0000b6e0       __trandisp1                0040c6e0 f   LIBCD:87disp.obj
 0001:0000b747       __trandisp2                0040c747 f   LIBCD:87disp.obj
 0001:0000b7d3       __rttospopde               0040c7d3 f   LIBCD:87disp.obj
 0001:0000b7d8       __rttospop                 0040c7d8 f   LIBCD:87disp.obj
 0001:0000b7da       __rtnospop                 0040c7da f   LIBCD:87disp.obj
 0001:0000b7dc       __rttosnpop                0040c7dc f   LIBCD:87disp.obj
 0001:0000b7dd       __rtnospopde               0040c7dd f   LIBCD:87disp.obj
 0001:0000b7e4       __rtzeropop                0040c7e4 f   LIBCD:87disp.obj
 0001:0000b7e6       __rtzeronpop               0040c7e6 f   LIBCD:87disp.obj
 0001:0000b7eb       __rtonepop                 0040c7eb f   LIBCD:87disp.obj
 0001:0000b7ed       __rtonenpop                0040c7ed f   LIBCD:87disp.obj
 0001:0000b7f2       __tosnan1                  0040c7f2 f   LIBCD:87disp.obj
 0001:0000b81d       __nosnan2                  0040c81d f   LIBCD:87disp.obj
 0001:0000b81f       __tosnan2                  0040c81f f   LIBCD:87disp.obj
 0001:0000b847       __nan2                     0040c847 f   LIBCD:87disp.obj
 0001:0000b886       __rtindfpop                0040c886 f   LIBCD:87disp.obj
 0001:0000b888       __rtindfnpop               0040c888 f   LIBCD:87disp.obj
 0001:0000b899       __rttosnpopde              0040c899 f   LIBCD:87disp.obj
 0001:0000b8a3       __rtchsifneg               0040c8a3 f   LIBCD:87disp.obj
 0001:0000b8b0       __startTwoArgErrorHandling 0040c8b0 f   LIBCD:genexcep.obj
 0001:0000b8c7       __startOneArgErrorHandling 0040c8c7 f   LIBCD:genexcep.obj
 0001:0000b910       __twoToTOS                 0040c910 f   LIBCD:common.obj
 0001:0000b925       __load_CW                  0040c925 f   LIBCD:common.obj
 0001:0000b93c       __convertTOStoQNaN         0040c93c f   LIBCD:common.obj
 0001:0000b955       __fload_withFB             0040c955 f   LIBCD:common.obj
 0001:0000b998       __checkTOS_withFB          0040c998 f   LIBCD:common.obj
 0001:0000b9ae       __fast_exit                0040c9ae f   LIBCD:common.obj
 0001:0000b9bb       __math_exit                0040c9bb f   LIBCD:common.obj
 0001:0000b9e5       __check_overflow_exit      0040c9e5 f   LIBCD:common.obj
 0001:0000b9f9       __check_range_exit         0040c9f9 f   LIBCD:common.obj
 0001:0000baa0       __powhlp                   0040caa0 f   LIBCD:powhlp.obj
 0001:0000bd10       __d_inttype                0040cd10 f   LIBCD:powhlp.obj
 0001:0000bd90       __lseek                    0040cd90 f   LIBCD:lseek.obj
 0001:0000be80       _fflush                    0040ce80 f   LIBCD:fflush.obj
 0001:0000bee0       __flush                    0040cee0 f   LIBCD:fflush.obj
 0001:0000bfa0       __flushall                 0040cfa0 f   LIBCD:fflush.obj
 0001:0000c090       _ftell                     0040d090 f   LIBCD:ftell.obj
 0001:0000c320       __close                    0040d320 f   LIBCD:close.obj
 0001:0000c410       __freebuf                  0040d410 f   LIBCD:_freebuf.obj
 0001:0000c4b0       __XcptFilter               0040d4b0 f   LIBCD:winxfltr.obj
 0001:0000c6c0       __setenvp                  0040d6c0 f   LIBCD:stdenvp.obj
 0001:0000c810       __setargv                  0040d810 f   LIBCD:stdargv.obj
 0001:0000cd20       ___crtGetEnvironmentStringsA 0040dd20 f   LIBCD:a_env.obj
 0001:0000cf40       __ioinit                   0040df40 f   LIBCD:ioinit.obj
 0001:0000d250       __ioterm                   0040e250 f   LIBCD:ioinit.obj
 0001:0000d2a4       __global_unwind2           0040e2a4 f   LIBCD:exsup.obj
 0001:0000d2e6       __local_unwind2            0040e2e6 f   LIBCD:exsup.obj
 0001:0000d33e       __NLG_Return2              0040e33e f   LIBCD:exsup.obj
 0001:0000d34e       __abnormal_termination     0040e34e f   LIBCD:exsup.obj
 0001:0000d371       __NLG_Notify1              0040e371 f   LIBCD:exsup.obj
 0001:0000d37a       __NLG_Notify               0040e37a f   LIBCD:exsup.obj
 0001:0000d38d       __NLG_Dispatch             0040e38d f   LIBCD:exsup.obj
 0001:0000d39c       __except_handler3          0040e39c f   LIBCD:exsup3.obj
 0001:0000d459       __seh_longjmp_unwind@4     0040e459 f   LIBCD:exsup3.obj
 0001:0000d480       __FF_MSGBANNER             0040e480 f   LIBCD:crt0msg.obj
 0001:0000d4d0       __NMSG_WRITE               0040e4d0 f   LIBCD:crt0msg.obj
 0001:0000d690       __GET_RTERRMSG             0040e690 f   LIBCD:crt0msg.obj
 0001:0000d6e0       __statusfp                 0040e6e0 f   LIBCD:ieee87.obj
 0001:0000d700       __clearfp                  0040e700 f   LIBCD:ieee87.obj
 0001:0000d720       __control87                0040e720 f   LIBCD:ieee87.obj
 0001:0000d770       __controlfp                0040e770 f   LIBCD:ieee87.obj
 0001:0000d790       __fpreset                  0040e790 f   LIBCD:ieee87.obj
 0001:0000db80       __tolower                  0040eb80 f   LIBCD:tolower.obj
 0001:0000db90       _tolower                   0040eb90 f   LIBCD:tolower.obj
 0001:0000dcc0       __ZeroTail                 0040ecc0 f   LIBCD:intrncvt.obj
 0001:0000dd50       __IncMan                   0040ed50 f   LIBCD:intrncvt.obj
 0001:0000de00       __RoundMan                 0040ee00 f   LIBCD:intrncvt.obj
 0001:0000dee0       __CopyMan                  0040eee0 f   LIBCD:intrncvt.obj
 0001:0000df30       __FillZeroMan              0040ef30 f   LIBCD:intrncvt.obj
 0001:0000df60       __IsZeroMan                0040ef60 f   LIBCD:intrncvt.obj
 0001:0000dfa0       __ShrMan                   0040efa0 f   LIBCD:intrncvt.obj
 0001:0000e090       __ld12cvt                  0040f090 f   LIBCD:intrncvt.obj
 0001:0000e2e0       __ld12tod                  0040f2e0 f   LIBCD:intrncvt.obj
 0001:0000e300       __ld12tof                  0040f300 f   LIBCD:intrncvt.obj
 0001:0000e320       __ld12told                 0040f320 f   LIBCD:intrncvt.obj
 0001:0000e3e0       __atodbl                   0040f3e0 f   LIBCD:intrncvt.obj
 0001:0000e420       __atoldbl                  0040f420 f   LIBCD:intrncvt.obj
 0001:0000e460       __atoflt                   0040f460 f   LIBCD:intrncvt.obj
 0001:0000e4a0       _strcpy                    0040f4a0 f   LIBCD:strcat.obj
 0001:0000e4b0       _strcat                    0040f4b0 f   LIBCD:strcat.obj
 0001:0000e590       __fptostr                  0040f590 f   LIBCD:_fptostr.obj
 0001:0000e690       __fltout                   0040f690 f   LIBCD:cfout.obj
 0001:0000e710       ___dtold                   0040f710 f   LIBCD:cfout.obj
 0001:0000e880       _memmove                   0040f880 f   LIBCD:memmove.obj
 0001:0000ebc0       _strlen                    0040fbc0 f   LIBCD:strlen.obj
 0001:0000ec40       __fptrap                   0040fc40 f   LIBCD:crt0fp.obj
 0001:0000ec50       __itoa                     0040fc50 f   LIBCD:xtoa.obj
 0001:0000ed70       __ltoa                     0040fd70 f   LIBCD:xtoa.obj
 0001:0000edb0       __ultoa                    0040fdb0 f   LIBCD:xtoa.obj
 0001:0000edd0       __i64toa                   0040fdd0 f   LIBCD:xtoa.obj
 0001:0000ef20       __ui64toa                  0040ff20 f   LIBCD:xtoa.obj
 0001:0000ef40       __snprintf                 0040ff40 f   LIBCD:snprintf.obj
 0001:0000f040       __vsnprintf                00410040 f   LIBCD:vsnprint.obj
 0001:0000f140       _signal                    00410140 f   LIBCD:winsig.obj
 0001:0000f350       _raise                     00410350 f   LIBCD:winsig.obj
 0001:0000f570       ___crtMessageBoxA          00410570 f   LIBCD:crtmbox.obj
 0001:0000f630       _strncpy                   00410630 f   LIBCD:strncpy.obj
 0001:0000f730       __open                     00410730 f   LIBCD:open.obj
 0001:0000f770       __sopen                    00410770 f   LIBCD:open.obj
 0001:0000fc60       __write                    00410c60 f   LIBCD:write.obj
 0001:0000ff10       __getbuf                   00410f10 f   LIBCD:_getbuf.obj
 0001:0000ffe0       __isatty                   00410fe0 f   LIBCD:isatty.obj
 0001:00010010       _wctomb                    00411010 f   LIBCD:wctomb.obj
 0001:000100b0       __aullrem                  004110b0 f   LIBCD:ullrem.obj
 0001:00010130       _mbtowc                    00411130 f   LIBCD:mbtowc.obj
 0001:00010290       _isalpha                   00411290 f   LIBCD:_ctype.obj
 0001:000102e0       _isupper                   004112e0 f   LIBCD:_ctype.obj
 0001:00010320       _islower                   00411320 f   LIBCD:_ctype.obj
 0001:00010360       _isdigit                   00411360 f   LIBCD:_ctype.obj
 0001:000103a0       _isxdigit                  004113a0 f   LIBCD:_ctype.obj
 0001:000103f0       _isspace                   004113f0 f   LIBCD:_ctype.obj
 0001:00010430       _ispunct                   00411430 f   LIBCD:_ctype.obj
 0001:00010470       _isalnum                   00411470 f   LIBCD:_ctype.obj
 0001:000104c0       _isprint                   004114c0 f   LIBCD:_ctype.obj
 0001:00010510       _isgraph                   00411510 f   LIBCD:_ctype.obj
 0001:00010560       _iscntrl                   00411560 f   LIBCD:_ctype.obj
 0001:000105a0       ___isascii                 004115a0 f   LIBCD:_ctype.obj
 0001:000105b0       ___toascii                 004115b0 f   LIBCD:_ctype.obj
 0001:000105c0       ___iscsymf                 004115c0 f   LIBCD:_ctype.obj
 0001:00010620       ___iscsym                  00411620 f   LIBCD:_ctype.obj
 0001:00010680       _ungetc                    00411680 f   LIBCD:ungetc.obj
 0001:000107c0       __fcloseall                004117c0 f   LIBCD:closeall.obj
 0001:00010870       __dosmaperr                00411870 f   LIBCD:dosmap.obj
 0001:00010900       ___crtGetStringTypeA       00411900 f   LIBCD:a_str.obj
 0001:00010ac0       _fdiv_main_routine         00411ac0 f   LIBCD:adj_fdiv.obj
 0001:00010bd7       __adj_fdiv_r               00411bd7 f   LIBCD:adj_fdiv.obj
 0001:00011076       __fdivp_sti_st             00412076 f   LIBCD:adj_fdiv.obj
 0001:00011089       __fdivrp_sti_st            00412089 f   LIBCD:adj_fdiv.obj
 0001:0001109c       __adj_fdiv_m32             0041209c f   LIBCD:adj_fdiv.obj
 0001:000110e8       __adj_fdiv_m64             004120e8 f   LIBCD:adj_fdiv.obj
 0001:00011134       __adj_fdiv_m16i            00412134 f   LIBCD:adj_fdiv.obj
 0001:00011168       __adj_fdiv_m32i            00412168 f   LIBCD:adj_fdiv.obj
 0001:0001119c       __adj_fdivr_m32            0041219c f   LIBCD:adj_fdiv.obj
 0001:000111e8       __adj_fdivr_m64            004121e8 f   LIBCD:adj_fdiv.obj
 0001:00011234       __adj_fdivr_m16i           00412234 f   LIBCD:adj_fdiv.obj
 0001:00011268       __adj_fdivr_m32i           00412268 f   LIBCD:adj_fdiv.obj
 0001:0001129c       __safe_fdiv                0041229c f   LIBCD:adj_fdiv.obj
 0001:000112b1       __safe_fdivr               004122b1 f   LIBCD:adj_fdiv.obj
 0001:000112c6       __fprem_common             004122c6 f   LIBCD:adj_fdiv.obj
 0001:000114cc       __adj_fprem                004124cc f   LIBCD:adj_fdiv.obj
 0001:0001157e       __fprem1_common            0041257e f   LIBCD:adj_fdiv.obj
 0001:00011784       __adj_fprem1               00412784 f   LIBCD:adj_fdiv.obj
 0001:00011839       __safe_fprem               00412839 f   LIBCD:adj_fdiv.obj
 0001:0001183f       __safe_fprem1              0041283f f   LIBCD:adj_fdiv.obj
 0001:00011845       __adj_fpatan               00412845 f   LIBCD:adj_fdiv.obj
 0001:00011848       __adj_fptan                00412848 f   LIBCD:adj_fdiv.obj
 0001:00011850       __87except                 00412850 f   LIBCD:87except.obj
 0001:000119d0       __set_exp                  004129d0 f   LIBCD:util.obj
 0001:00011a10       __get_exp                  00412a10 f   LIBCD:util.obj
 0001:00011a40       __add_exp                  00412a40 f   LIBCD:util.obj
 0001:00011a80       __set_bexp                 00412a80 f   LIBCD:util.obj
 0001:00011ac0       __sptype                   00412ac0 f   LIBCD:util.obj
 0001:00011b40       __decomp                   00412b40 f   LIBCD:util.obj
 0001:00011c80       __frnd                     00412c80 f   LIBCD:frnd.obj
 0001:00011ca0       __copysign                 00412ca0 f   LIBCD:ieeemisc.obj
 0001:00011cd0       __chgsign                  00412cd0 f   LIBCD:ieeemisc.obj
 0001:00011d00       __scalb                    00412d00 f   LIBCD:ieeemisc.obj
 0001:00011d20       __logb                     00412d20 f   LIBCD:ieeemisc.obj
 0001:00011e50       __nextafter                00412e50 f   LIBCD:ieeemisc.obj
 0001:00012190       __finite                   00413190 f   LIBCD:ieeemisc.obj
 0001:000121c0       __isnan                    004131c0 f   LIBCD:ieeemisc.obj
 0001:00012210       __fpclass                  00413210 f   LIBCD:ieeemisc.obj
 0001:000122f0       __alloc_osfhnd             004132f0 f   LIBCD:osfinfo.obj
 0001:00012420       __set_osfhnd               00413420 f   LIBCD:osfinfo.obj
 0001:000124d0       __free_osfhnd              004134d0 f   LIBCD:osfinfo.obj
 0001:000125a0       __get_osfhandle            004135a0 f   LIBCD:osfinfo.obj
 0001:00012600       __open_osfhandle           00413600 f   LIBCD:osfinfo.obj
 0001:000126f0       __commit                   004136f0 f   LIBCD:commit.obj
 0001:000127a0       __setmbcp                  004137a0 f   LIBCD:mbctype.obj
 0001:00012f10       __getmbcp                  00413f10 f   LIBCD:mbctype.obj
 0001:00012f30       ___initmbctable            00413f30 f   LIBCD:mbctype.obj
 0001:00012f60       ___crtLCMapStringA         00413f60 f   LIBCD:a_map.obj
 0001:000132c0       ___addl                    004142c0 f   LIBCD:mantold.obj
 0001:00013300       ___add_12                  00414300 f   LIBCD:mantold.obj
 0001:000133b0       ___shl_12                  004143b0 f   LIBCD:mantold.obj
 0001:00013410       ___shr_12                  00414410 f   LIBCD:mantold.obj
 0001:00013480       ___mtold12                 00414480 f   LIBCD:mantold.obj
 0001:000135c0       ___strgtold12              004145c0 f   LIBCD:strgtold.obj
 0001:000140f0       ___STRINGTOLD              004150f0 f   LIBCD:strgtold.obj
 0001:00014140       _$I10_OUTPUT               00415140 f   LIBCD:x10fout.obj
 0001:00014660       __chsize                   00415660 f   LIBCD:chsize.obj
 0001:000148d0       __handle_qnan1             004158d0 f   LIBCD:fpexcept.obj
 0001:00014930       __handle_qnan2             00415930 f   LIBCD:fpexcept.obj
 0001:000149a0       __except1                  004159a0 f   LIBCD:fpexcept.obj
 0001:00014a60       __except2                  00415a60 f   LIBCD:fpexcept.obj
 0001:00014b30       __raise_exc                00415b30 f   LIBCD:fpexcept.obj
 0001:00015000       __handle_exc               00416000 f   LIBCD:fpexcept.obj
 0001:00015380       __umatherr                 00416380 f   LIBCD:fpexcept.obj
 0001:00015420       __set_errno                00416420 f   LIBCD:fpexcept.obj
 0001:000154a0       __errcode                  004164a0 f   LIBCD:fpexcept.obj
 0001:00015520       __matherr                  00416520 f   LIBCD:matherr.obj
 0001:00015530       __statfp                   00416530 f   LIBCD:fpctrl.obj
 0001:00015550       __clrfp                    00416550 f   LIBCD:fpctrl.obj
 0001:00015570       __ctrlfp                   00416570 f   LIBCD:fpctrl.obj
 0001:000155b0       __set_statfp               004165b0 f   LIBCD:fpctrl.obj
 0001:00015630       _ldexp                     00416630 f   LIBCD:ldexp.obj
 0001:000158f0       ___ld12mul                 004168f0 f   LIBCD:tenpow.obj
 0001:00015d30       ___multtenpow12            00416d30 f   LIBCD:tenpow.obj
 0001:00015e00       __setmode                  00416e00 f   LIBCD:setmode.obj
 0001:00015efc       _ExitProcess@4             00416efc f   kernel32:KERNEL32.dll
 0001:00015f02       _TerminateProcess@8        00416f02 f   kernel32:KERNEL32.dll
 0001:00015f08       _GetCurrentProcess@0       00416f08 f   kernel32:KERNEL32.dll
 0001:00015f0e       _IsBadWritePtr@8           00416f0e f   kernel32:KERNEL32.dll
 0001:00015f14       _IsBadReadPtr@8            00416f14 f   kernel32:KERNEL32.dll
 0001:00015f1a       _HeapValidate@12           00416f1a f   kernel32:KERNEL32.dll
 0001:00015f20       _GetSystemTimeAsFileTime@4 00416f20 f   kernel32:KERNEL32.dll
 0001:00015f26       _GetCommandLineA@0         00416f26 f   kernel32:KERNEL32.dll
 0001:00015f2c       _GetVersion@0              00416f2c f   kernel32:KERNEL32.dll
 0001:00015f32       _GetProcAddress@8          00416f32 f   kernel32:KERNEL32.dll
 0001:00015f38       _GetModuleHandleA@4        00416f38 f   kernel32:KERNEL32.dll
 0001:00015f3e       _DebugBreak@0              00416f3e f   kernel32:KERNEL32.dll
 0001:00015f44       _GetStdHandle@4            00416f44 f   kernel32:KERNEL32.dll
 0001:00015f4a       _WriteFile@20              00416f4a f   kernel32:KERNEL32.dll
 0001:00015f50       _InterlockedDecrement@4    00416f50 f   kernel32:KERNEL32.dll
 0001:00015f56       _OutputDebugStringA@4      00416f56 f   kernel32:KERNEL32.dll
 0001:00015f5c       _LoadLibraryA@4            00416f5c f   kernel32:KERNEL32.dll
 0001:00015f62       _InterlockedIncrement@4    00416f62 f   kernel32:KERNEL32.dll
 0001:00015f68       _GetModuleFileNameA@12     00416f68 f   kernel32:KERNEL32.dll
 0001:00015f6e       _GetLastError@0            00416f6e f   kernel32:KERNEL32.dll
 0001:00015f74       _ReadFile@20               00416f74 f   kernel32:KERNEL32.dll
 0001:00015f7a       _HeapAlloc@12              00416f7a f   kernel32:KERNEL32.dll
 0001:00015f80       _HeapReAlloc@16            00416f80 f   kernel32:KERNEL32.dll
 0001:00015f86       _HeapFree@12               00416f86 f   kernel32:KERNEL32.dll
 0001:00015f8c       _HeapDestroy@4             00416f8c f   kernel32:KERNEL32.dll
 0001:00015f92       _HeapCreate@12             00416f92 f   kernel32:KERNEL32.dll
 0001:00015f98       _VirtualFree@12            00416f98 f   kernel32:KERNEL32.dll
 0001:00015f9e       _VirtualAlloc@16           00416f9e f   kernel32:KERNEL32.dll
 0001:00015fa4       _SetFilePointer@16         00416fa4 f   kernel32:KERNEL32.dll
 0001:00015faa       _CloseHandle@4             00416faa f   kernel32:KERNEL32.dll
 0001:00015fb0       _UnhandledExceptionFilter@4 00416fb0 f   kernel32:KERNEL32.dll
 0001:00015fb6       _FreeEnvironmentStringsA@4 00416fb6 f   kernel32:KERNEL32.dll
 0001:00015fbc       _FreeEnvironmentStringsW@4 00416fbc f   kernel32:KERNEL32.dll
 0001:00015fc2       _WideCharToMultiByte@32    00416fc2 f   kernel32:KERNEL32.dll
 0001:00015fc8       _GetEnvironmentStrings@0   00416fc8 f   kernel32:KERNEL32.dll
 0001:00015fce       _GetEnvironmentStringsW@0  00416fce f   kernel32:KERNEL32.dll
 0001:00015fd4       _SetHandleCount@4          00416fd4 f   kernel32:KERNEL32.dll
 0001:00015fda       _GetFileType@4             00416fda f   kernel32:KERNEL32.dll
 0001:00015fe0       _GetStartupInfoA@4         00416fe0 f   kernel32:KERNEL32.dll
 0001:00015fe6       _RtlUnwind@16              00416fe6 f   kernel32:KERNEL32.dll
 0001:00015fec       _SetConsoleCtrlHandler@8   00416fec f   kernel32:KERNEL32.dll
 0001:00015ff2       _CreateFileA@28            00416ff2 f   kernel32:KERNEL32.dll
 0001:00015ff8       _MultiByteToWideChar@24    00416ff8 f   kernel32:KERNEL32.dll
 0001:00015ffe       _GetStringTypeA@20         00416ffe f   kernel32:KERNEL32.dll
 0001:00016004       _GetStringTypeW@16         00417004 f   kernel32:KERNEL32.dll
 0001:0001600a       _SetStdHandle@8            0041700a f   kernel32:KERNEL32.dll
 0001:00016010       _FlushFileBuffers@4        00417010 f   kernel32:KERNEL32.dll
 0001:00016016       _GetCPInfo@8               00417016 f   kernel32:KERNEL32.dll
 0001:0001601c       _GetACP@0                  0041701c f   kernel32:KERNEL32.dll
 0001:00016022       _GetOEMCP@0                00417022 f   kernel32:KERNEL32.dll
 0001:00016028       _LCMapStringA@24           00417028 f   kernel32:KERNEL32.dll
 0001:0001602e       _LCMapStringW@24           0041702e f   kernel32:KERNEL32.dll
 0001:00016034       _SetEndOfFile@4            00417034 f   kernel32:KERNEL32.dll
 0001:0001603a       _RaiseException@16         0041703a f   kernel32:KERNEL32.dll
 0002:00000000       __imp__ExitProcess@4       00418000     kernel32:KERNEL32.dll
 0002:00000004       __imp__TerminateProcess@8  00418004     kernel32:KERNEL32.dll
 0002:00000008       __imp__GetCurrentProcess@0 00418008     kernel32:KERNEL32.dll
 0002:0000000c       __imp__IsBadWritePtr@8     0041800c     kernel32:KERNEL32.dll
 0002:00000010       __imp__IsBadReadPtr@8      00418010     kernel32:KERNEL32.dll
 0002:00000014       __imp__HeapValidate@12     00418014     kernel32:KERNEL32.dll
 0002:00000018       __imp__GetSystemTimeAsFileTime@4 00418018     kernel32:KERNEL32.dll
 0002:0000001c       __imp__GetCommandLineA@0   0041801c     kernel32:KERNEL32.dll
 0002:00000020       __imp__GetVersion@0        00418020     kernel32:KERNEL32.dll
 0002:00000024       __imp__GetProcAddress@8    00418024     kernel32:KERNEL32.dll
 0002:00000028       __imp__GetModuleHandleA@4  00418028     kernel32:KERNEL32.dll
 0002:0000002c       __imp__DebugBreak@0        0041802c     kernel32:KERNEL32.dll
 0002:00000030       __imp__GetStdHandle@4      00418030     kernel32:KERNEL32.dll
 0002:00000034       __imp__WriteFile@20        00418034     kernel32:KERNEL32.dll
 0002:00000038       __imp__InterlockedDecrement@4 00418038     kernel32:KERNEL32.dll
 0002:0000003c       __imp__OutputDebugStringA@4 0041803c     kernel32:KERNEL32.dll
 0002:00000040       __imp__LoadLibraryA@4      00418040     kernel32:KERNEL32.dll
 0002:00000044       __imp__InterlockedIncrement@4 00418044     kernel32:KERNEL32.dll
 0002:00000048       __imp__GetModuleFileNameA@12 00418048     kernel32:KERNEL32.dll
 0002:0000004c       __imp__GetLastError@0      0041804c     kernel32:KERNEL32.dll
 0002:00000050       __imp__ReadFile@20         00418050     kernel32:KERNEL32.dll
 0002:00000054       __imp__HeapAlloc@12        00418054     kernel32:KERNEL32.dll
 0002:00000058       __imp__HeapReAlloc@16      00418058     kernel32:KERNEL32.dll
 0002:0000005c       __imp__HeapFree@12         0041805c     kernel32:KERNEL32.dll
 0002:00000060       __imp__HeapDestroy@4       00418060     kernel32:KERNEL32.dll
 0002:00000064       __imp__HeapCreate@12       00418064     kernel32:KERNEL32.dll
 0002:00000068       __imp__VirtualFree@12      00418068     kernel32:KERNEL32.dll
 0002:0000006c       __imp__VirtualAlloc@16     0041806c     kernel32:KERNEL32.dll
 0002:00000070       __imp__SetFilePointer@16   00418070     kernel32:KERNEL32.dll
 0002:00000074       __imp__CloseHandle@4       00418074     kernel32:KERNEL32.dll
 0002:00000078       __imp__UnhandledExceptionFilter@4 00418078     kernel32:KERNEL32.dll
 0002:0000007c       __imp__FreeEnvironmentStringsA@4 0041807c     kernel32:KERNEL32.dll
 0002:00000080       __imp__FreeEnvironmentStringsW@4 00418080     kernel32:KERNEL32.dll
 0002:00000084       __imp__WideCharToMultiByte@32 00418084     kernel32:KERNEL32.dll
 0002:00000088       __imp__GetEnvironmentStrings@0 00418088     kernel32:KERNEL32.dll
 0002:0000008c       __imp__GetEnvironmentStringsW@0 0041808c     kernel32:KERNEL32.dll
 0002:00000090       __imp__SetHandleCount@4    00418090     kernel32:KERNEL32.dll
 0002:00000094       __imp__GetFileType@4       00418094     kernel32:KERNEL32.dll
 0002:00000098       __imp__GetStartupInfoA@4   00418098     kernel32:KERNEL32.dll
 0002:0000009c       __imp__RtlUnwind@16        0041809c     kernel32:KERNEL32.dll
 0002:000000a0       __imp__SetConsoleCtrlHandler@8 004180a0     kernel32:KERNEL32.dll
 0002:000000a4       __imp__CreateFileA@28      004180a4     kernel32:KERNEL32.dll
 0002:000000a8       __imp__MultiByteToWideChar@24 004180a8     kernel32:KERNEL32.dll
 0002:000000ac       __imp__GetStringTypeA@20   004180ac     kernel32:KERNEL32.dll
 0002:000000b0       __imp__GetStringTypeW@16   004180b0     kernel32:KERNEL32.dll
 0002:000000b4       __imp__SetStdHandle@8      004180b4     kernel32:KERNEL32.dll
 0002:000000b8       __imp__FlushFileBuffers@4  004180b8     kernel32:KERNEL32.dll
 0002:000000bc       __imp__GetCPInfo@8         004180bc     kernel32:KERNEL32.dll
 0002:000000c0       __imp__GetACP@0            004180c0     kernel32:KERNEL32.dll
 0002:000000c4       __imp__GetOEMCP@0          004180c4     kernel32:KERNEL32.dll
 0002:000000c8       __imp__LCMapStringA@24     004180c8     kernel32:KERNEL32.dll
 0002:000000cc       __imp__LCMapStringW@24     004180cc     kernel32:KERNEL32.dll
 0002:000000d0       __imp__SetEndOfFile@4      004180d0     kernel32:KERNEL32.dll
 0002:000000d4       __imp__RaiseException@16   004180d4     kernel32:KERNEL32.dll
 0002:000000d8       \177KERNEL32_NULL_THUNK_DATA 004180d8     kernel32:KERNEL32.dll
 0002:00000150       ??_C@_0BG@BCGL@?N?$NO?$LH?$KI?$LE?r?$LP?$KK?R?t?F?$LF?T?$LE?N?D?$LM?$PO?$KB?$KD?6?$AA@ 00418150     Wave_Rd.obj
 0002:00000168       ??_C@_02JKAF@rb?$AA@       00418168     Wave_Rd.obj
 0002:0000016c       ??_C@_0BA@GMPF@?4?2?2test?2?2?$CFs?4wav?$AA@ 0041816c     Wave_Rd.obj
 0002:0000017c       ??_C@_02DILL@?$CFs?$AA@    0041817c     Wave_Rd.obj
 0002:00000180       ??_C@_0DJ@JBGJ@?G?k?R?T?$KB?$LA?D?P?E?$KO?I?z?$MA?J?K?P?$KB?$LB?$LI?q?J?$LN?J?d?H?k?R?$KK?$LN?x?P?P@ 00418180     Wave_Rd.obj
 0002:000001c0       __real@8@400e8000000000000000 004181c0     data_convert.obj
 0002:000001c8       ??_C@_0BK@IHNA@Max_Rxpn_AbsShiftAdd?$DN?$CF3f?6?$AA@ 004181c8     dss_sync.obj
 0002:000003e0       ??_C@_0BC@LMAK@The?5time?5was?3?5?$CFf?6?$AA@ 004183e0     Ifft_fft.obj
 0002:000003f8       __real@8@4008fa00000000000000 004183f8     Ifft_fft.obj
 0002:00000400       __real@8@3fff8000000000000000 00418400     Ifft_fft.obj
 0002:00000408       __real@4@bfff8000000000000000 00418408     Ifft_fft.obj
 0002:0000040c       __real@4@3fff8000000000000000 0041840c     Ifft_fft.obj
 0002:00000410       __real@8@4000c90fdaa221775000 00418410     Ifft_fft.obj
 0002:00000418       __real@8@bfff8000000000000000 00418418     Ifft_fft.obj
 0002:00000420       __real@8@3fcb8000000000000000 00418420     linxcorr_fft.obj
 0002:00000428       __real@8@400c8000000000000000 00418428     linxcorr_fft.obj
 0002:00000430       ??_C@_0BH@INGI@http?1?1?3www?4taobao?4com?6?$AA@ 00418430     wmk_extrac.obj
 0002:00000448       ??_C@_0BC@POIB@wavereadcnt?5?$DN?5?$CFd?6?$AA@ 00418448     psy_top.obj
 0002:0000045c       ??_C@_0DD@HCDB@?$CK?$CK?$CK?$CK?$CK?$CK?$CK?$CK?$CK?$CKwave_wave_wave_again?$CK?$CK@ 0041845c     psy_top.obj
 0002:00000490       ??_C@_0BE@CPOE@?4?2test?1pn?$LA?$PM?1pn2?4txt?$AA@ 00418490     psy_top.obj
 0002:000004a4       ??_C@_0O@FHMD@i386?2chkesp?4c?$AA@ 004184a4     LIBCD:chkesp.obj
 0002:000004b4       ??_C@_00A@?$AA@            004184b4     LIBCD:chkesp.obj
 0002:000004b8       ??_C@_0NM@ELEE@The?5value?5of?5ESP?5was?5not?5properl@ 004184b8     LIBCD:chkesp.obj
 0002:00000594       ??_C@_0BC@IPFL@?$CKmode?5?$CB?$DN?5_T?$CI?8?20?8?$CJ?$AA@ 00418594     LIBCD:fopen.obj
 0002:000005a8       ??_C@_0N@BKPP@mode?5?$CB?$DN?5NULL?$AA@ 004185a8     LIBCD:fopen.obj
 0002:000005b8       ??_C@_0BC@GOED@?$CKfile?5?$CB?$DN?5_T?$CI?8?20?8?$CJ?$AA@ 004185b8     LIBCD:fopen.obj
 0002:000005cc       ??_C@_07OMGG@fopen?4c?$AA@ 004185cc     LIBCD:fopen.obj
 0002:000005d4       ??_C@_0N@MCKG@file?5?$CB?$DN?5NULL?$AA@ 004185d4     LIBCD:fopen.obj
 0002:000005e4       ??_C@_0P@LNLA@format?5?$CB?$DN?5NULL?$AA@ 004185e4     LIBCD:sprintf.obj
 0002:000005f4       ??_C@_09NEAG@sprintf?4c?$AA@ 004185f4     LIBCD:sprintf.obj
 0002:00000600       ??_C@_0P@OOIN@string?5?$CB?$DN?5NULL?$AA@ 00418600     LIBCD:sprintf.obj
 0002:00000610       ??_C@_07BNNN@scanf?4c?$AA@ 00418610     LIBCD:scanf.obj
 0002:00000618       ??_C@_08GNFC@printf?4c?$AA@ 00418618     LIBCD:printf.obj
 0002:00000624       ??_C@_07JJAI@fgetc?4c?$AA@ 00418624     LIBCD:fgetc.obj
 0002:0000062c       ??_C@_0P@FHEA@stream?5?$CB?$DN?5NULL?$AA@ 0041862c     LIBCD:fgetc.obj
 0002:0000063c       ??_C@_06DPMO@Client?$AA@   0041863c     LIBCD:dbgheap.obj
 0002:00000644       ??_C@_06BAFM@Ignore?$AA@   00418644     LIBCD:dbgheap.obj
 0002:0000064c       ??_C@_03DICE@CRT?$AA@      0041864c     LIBCD:dbgheap.obj
 0002:00000650       ??_C@_06BILL@Normal?$AA@   00418650     LIBCD:dbgheap.obj
 0002:00000658       ??_C@_04NEN@Free?$AA@      00418658     LIBCD:dbgheap.obj
 0002:00000660       ??_C@_0DC@CGID@Error?3?5memory?5allocation?3?5bad?5me@ 00418660     LIBCD:dbgheap.obj
 0002:00000694       ??_C@_0CE@FMIA@Invalid?5allocation?5size?3?5?$CFu?5byte@ 00418694     LIBCD:dbgheap.obj
 0002:000006b8       ??_C@_0CB@CPBI@Client?5hook?5allocation?5failure?4?6@ 004186b8     LIBCD:dbgheap.obj
 0002:000006dc       ??_C@_0DF@DKHF@Client?5hook?5allocation?5failure?5a@ 004186dc     LIBCD:dbgheap.obj
 0002:00000714       ??_C@_09IMJC@dbgheap?4c?$AA@ 00418714     LIBCD:dbgheap.obj
 0002:00000720       ??_C@_0BC@EPKL@_CrtCheckMemory?$CI?$CJ?$AA@ 00418720     LIBCD:dbgheap.obj
 0002:00000734       ??_C@_0BK@JDHA@_pFirstBlock?5?$DN?$DN?5pOldBlock?$AA@ 00418734     LIBCD:dbgheap.obj
 0002:00000750       ??_C@_0BJ@NMEF@_pLastBlock?5?$DN?$DN?5pOldBlock?$AA@ 00418750     LIBCD:dbgheap.obj
 0002:0000076c       ??_C@_0DC@BOCN@fRealloc?5?$HM?$HM?5?$CI?$CBfRealloc?5?$CG?$CG?5pNewBl@ 0041876c     LIBCD:dbgheap.obj
 0002:000007a0       ??_C@_0DK@DKOM@_BLOCK_TYPE?$CIpOldBlock?9?$DOnBlockUse@ 004187a0     LIBCD:dbgheap.obj
 0002:000007dc       ??_C@_0EF@EDKM@pOldBlock?9?$DOnLine?5?$DN?$DN?5IGNORE_LINE?5@ 004187dc     LIBCD:dbgheap.obj
 0002:00000824       ??_C@_0CC@GPMO@_CrtIsValidHeapPointer?$CIpUserData@ 00418824     LIBCD:dbgheap.obj
 0002:00000848       ??_C@_0CN@FHGE@Allocation?5too?5large?5or?5negative@ 00418848     LIBCD:dbgheap.obj
 0002:00000878       ??_C@_0CE@EAMN@Client?5hook?5re?9allocation?5failur@ 00418878     LIBCD:dbgheap.obj
 0002:0000089c       ??_C@_0DI@KKMM@Client?5hook?5re?9allocation?5failur@ 0041889c     LIBCD:dbgheap.obj
 0002:000008d4       ??_C@_0BG@JCEC@_pFirstBlock?5?$DN?$DN?5pHead?$AA@ 004188d4     LIBCD:dbgheap.obj
 0002:000008ec       ??_C@_0BF@NLNN@_pLastBlock?5?$DN?$DN?5pHead?$AA@ 004188ec     LIBCD:dbgheap.obj
 0002:00000904       ??_C@_0BO@PLHH@pHead?9?$DOnBlockUse?5?$DN?$DN?5nBlockUse?$AA@ 00418904     LIBCD:dbgheap.obj
 0002:00000924       ??_C@_0DN@KKIO@pHead?9?$DOnLine?5?$DN?$DN?5IGNORE_LINE?5?$CG?$CG?5p@ 00418924     LIBCD:dbgheap.obj
 0002:00000964       ??_C@_0CK@OJNB@DAMAGE?3?5after?5?$CFhs?5block?5?$CI?$CD?$CFd?$CJ?5at@ 00418964     LIBCD:dbgheap.obj
 0002:00000990       ??_C@_0CL@IJIL@DAMAGE?3?5before?5?$CFhs?5block?5?$CI?$CD?$CFd?$CJ?5a@ 00418990     LIBCD:dbgheap.obj
 0002:000009bc       ??_C@_0CH@PHOC@_BLOCK_TYPE_IS_VALID?$CIpHead?9?$DOnBlo@ 004189bc     LIBCD:dbgheap.obj
 0002:000009e4       ??_C@_0BL@MBNA@Client?5hook?5free?5failure?4?6?$AA@ 004189e4     LIBCD:dbgheap.obj
 0002:00000a00       ??_C@_0DK@EKKL@memory?5check?5error?5at?50x?$CF08X?5?$DN?50@ 00418a00     LIBCD:dbgheap.obj
 0002:00000a3c       ??_C@_0CJ@GCII@?$CFhs?5located?5at?50x?$CF08X?5is?5?$CFu?5byte@ 00418a3c     LIBCD:dbgheap.obj
 0002:00000a68       ??_C@_0CA@EJPI@?$CFhs?5allocated?5at?5file?5?$CFhs?$CI?$CFd?$CJ?4?6?$AA@ 00418a68     LIBCD:dbgheap.obj
 0002:00000a88       ??_C@_0CJ@LHHG@DAMAGE?3?5on?5top?5of?5Free?5block?5at?5@ 00418a88     LIBCD:dbgheap.obj
 0002:00000ab4       ??_C@_07GJHM@DAMAGED?$AA@  00418ab4     LIBCD:dbgheap.obj
 0002:00000abc       ??_C@_0CL@ODIE@_heapchk?5fails?5with?5unknown?5retu@ 00418abc     LIBCD:dbgheap.obj
 0002:00000ae8       ??_C@_0CC@EHNC@_heapchk?5fails?5with?5_HEAPBADPTR?4@ 00418ae8     LIBCD:dbgheap.obj
 0002:00000b0c       ??_C@_0CC@JNDP@_heapchk?5fails?5with?5_HEAPBADEND?4@ 00418b0c     LIBCD:dbgheap.obj
 0002:00000b30       ??_C@_0CD@DNMG@_heapchk?5fails?5with?5_HEAPBADNODE@ 00418b30     LIBCD:dbgheap.obj
 0002:00000b54       ??_C@_0CE@JMCB@_heapchk?5fails?5with?5_HEAPBADBEGI@ 00418b54     LIBCD:dbgheap.obj
 0002:00000b78       ??_C@_0CD@MEMI@Bad?5memory?5block?5found?5at?50x?$CF08X@ 00418b78     LIBCD:dbgheap.obj
 0002:00000b9c       ??_C@_0CI@GMAO@_CrtMemCheckPoint?3?5NULL?5state?5po@ 00418b9c     LIBCD:dbgheap.obj
 0002:00000bc4       ??_C@_0CI@MNAE@_CrtMemDifference?3?5NULL?5state?5po@ 00418bc4     LIBCD:dbgheap.obj
 0002:00000bec       ??_C@_0BH@PKIJ@Object?5dump?5complete?4?6?$AA@ 00418bec     LIBCD:dbgheap.obj
 0002:00000c04       ??_C@_0DB@DBPF@crt?5block?5at?50x?$CF08X?0?5subtype?5?$CFx?0@ 00418c04     LIBCD:dbgheap.obj
 0002:00000c38       ??_C@_0CI@JLM@normal?5block?5at?50x?$CF08X?0?5?$CFu?5bytes@ 00418c38     LIBCD:dbgheap.obj
 0002:00000c60       ??_C@_0DE@PFEA@client?5block?5at?50x?$CF08X?0?5subtype?5@ 00418c60     LIBCD:dbgheap.obj
 0002:00000c94       ??_C@_06MBCE@?$HL?$CFld?$HN?5?$AA@ 00418c94     LIBCD:dbgheap.obj
 0002:00000c9c       ??_C@_0L@BLDJ@?$CFhs?$CI?$CFd?$CJ?5?3?5?$AA@ 00418c9c     LIBCD:dbgheap.obj
 0002:00000ca8       ??_C@_0BE@FEMA@?$CDFile?5Error?$CD?$CI?$CFd?$CJ?5?3?5?$AA@ 00418ca8     LIBCD:dbgheap.obj
 0002:00000cbc       ??_C@_0BE@FPPM@Dumping?5objects?5?9?$DO?6?$AA@ 00418cbc     LIBCD:dbgheap.obj
 0002:00000cd0       ??_C@_0BA@POLM@?5Data?3?5?$DM?$CFs?$DO?5?$CFs?6?$AA@ 00418cd0     LIBCD:dbgheap.obj
 0002:00000ce0       ??_C@_05JLAO@?$CF?42X?5?$AA@ 00418ce0     LIBCD:dbgheap.obj
 0002:00000ce8       ??_C@_0BI@KONA@Detected?5memory?5leaks?$CB?6?$AA@ 00418ce8     LIBCD:dbgheap.obj
 0002:00000d00       ??_C@_0BP@LCCN@Total?5allocations?3?5?$CFld?5bytes?4?6?$AA@ 00418d00     LIBCD:dbgheap.obj
 0002:00000d20       ??_C@_0CB@COID@Largest?5number?5used?3?5?$CFld?5bytes?4?6@ 00418d20     LIBCD:dbgheap.obj
 0002:00000d44       ??_C@_0BO@MEJD@?$CFld?5bytes?5in?5?$CFld?5?$CFhs?5Blocks?4?6?$AA@ 00418d44     LIBCD:dbgheap.obj
 0002:00000d64       ??_C@_07HFEM@fseek?4c?$AA@ 00418d64     LIBCD:fseek.obj
 0002:00000d6c       ??_C@_0M@KJPK@str?5?$CB?$DN?5NULL?$AA@ 00418d6c     LIBCD:fseek.obj
 0002:00000d78       ??_C@_08PHBD@fclose?4c?$AA@ 00418d78     LIBCD:fclose.obj
 0002:00000d94       ??_C@_0BK@JEGK@IsProcessorFeaturePresent?$AA@ 00418d94     LIBCD:testfdiv.obj
 0002:00000db0       ??_C@_08OBID@KERNEL32?$AA@ 00418db0     LIBCD:testfdiv.obj
 0002:00000dc0       __real@8@00000000000000000000 00418dc0     LIBCD:cvt.obj
 0002:00000dc8       ??_C@_05OFLO@e?$CL000?$AA@ 00418dc8     LIBCD:cvt.obj
 0002:00000dd0       ??_C@_0BB@BLL@Assertion?5Failed?$AA@ 00418dd0     LIBCD:dbgrpt.obj
 0002:00000de4       ??_C@_05CKBG@Error?$AA@    00418de4     LIBCD:dbgrpt.obj
 0002:00000dec       ??_C@_07JCGI@Warning?$AA@  00418dec     LIBCD:dbgrpt.obj
 0002:00000df4       ??_C@_0M@ODEP@?$CFs?$CI?$CFd?$CJ?5?3?5?$CFs?$AA@ 00418df4     LIBCD:dbgrpt.obj
 0002:00000e00       ??_C@_01BJG@?6?$AA@        00418e00     LIBCD:dbgrpt.obj
 0002:00000e04       ??_C@_01FEHD@?$AN?$AA@     00418e04     LIBCD:dbgrpt.obj
 0002:00000e08       ??_C@_0BC@OIMC@Assertion?5failed?$CB?$AA@ 00418e08     LIBCD:dbgrpt.obj
 0002:00000e1c       ??_C@_0BD@BEAK@Assertion?5failed?3?5?$AA@ 00418e1c     LIBCD:dbgrpt.obj
 0002:00000e30       ??_C@_0CL@LCCP@_CrtDbgReport?3?5String?5too?5long?5o@ 00418e30     LIBCD:dbgrpt.obj
 0002:00000e5c       ??_C@_0DC@EMDK@Second?5Chance?5Assertion?5Failed?3?5@ 00418e5c     LIBCD:dbgrpt.obj
 0002:00000e90       ??_C@_09NJAK@wsprintfA?$AA@ 00418e90     LIBCD:dbgrpt.obj
 0002:00000e9c       ??_C@_0L@HKL@user32?4dll?$AA@ 00418e9c     LIBCD:dbgrpt.obj
 0002:00000ea8       ??_C@_0CD@GCMD@Microsoft?5Visual?5C?$CL?$CL?5Debug?5Libra@ 00418ea8     LIBCD:dbgrpt.obj
 0002:00000ecc       ??_C@_0FD@EBDD@Debug?5?$CFs?$CB?6?6Program?3?5?$CFs?$CFs?$CFs?$CFs?$CFs?$CFs@ 00418ecc     LIBCD:dbgrpt.obj
 0002:00000f20       ??_C@_09DCKN@?6Module?3?5?$AA@ 00418f20     LIBCD:dbgrpt.obj
 0002:00000f2c       ??_C@_07HJII@?6File?3?5?$AA@ 00418f2c     LIBCD:dbgrpt.obj
 0002:00000f34       ??_C@_07LFGN@?6Line?3?5?$AA@ 00418f34     LIBCD:dbgrpt.obj
 0002:00000f3c       ??_C@_02JJJH@?6?6?$AA@     00418f3c     LIBCD:dbgrpt.obj
 0002:00000f40       ??_C@_0N@NOAB@Expression?3?5?$AA@ 00418f40     LIBCD:dbgrpt.obj
 0002:00000f50       ??_C@_0HD@BHFH@?6?6For?5information?5on?5how?5your?5pr@ 00418f50     LIBCD:dbgrpt.obj
 0002:00000fc4       ??_C@_03NAME@?4?4?4?$AA@   00418fc4     LIBCD:dbgrpt.obj
 0002:00000fc8       ??_C@_0BH@NNCD@?$DMprogram?5name?5unknown?$DO?$AA@ 00418fc8     LIBCD:dbgrpt.obj
 0002:00000fe0       ??_C@_08GFHP@dbgrpt?4c?$AA@ 00418fe0     LIBCD:dbgrpt.obj
 0002:00000fec       ??_C@_0BG@FBEA@szUserMessage?5?$CB?$DN?5NULL?$AA@ 00418fec     LIBCD:dbgrpt.obj
 0002:00001004       ??_C@_07INLA@_open?4c?$AA@ 00419004     LIBCD:_open.obj
 0002:0000100c       ??_C@_0BB@COCE@filename?5?$CB?$DN?5NULL?$AA@ 0041900c     LIBCD:_open.obj
 0002:00001020       ??_C@_08HJEP@stream?4c?$AA@ 00419020     LIBCD:stream.obj
 0002:0000102c       ??_C@_0DP@IHIN@?$CI?$CCinconsistent?5IOB?5fields?$CC?0?5stre@ 0041902c     LIBCD:_flsbuf.obj
 0002:0000106c       ??_C@_09LGEI@_flsbuf?4c?$AA@ 0041906c     LIBCD:_flsbuf.obj
 0002:00001078       ___lookuptable             00419078     LIBCD:output.obj
 0002:000010d4       ??_C@_1O@POHA@?$AA?$CI?$AAn?$AAu?$AAl?$AAl?$AA?$CJ?$AA?$AA@ 004190d4     LIBCD:output.obj
 0002:000010e4       ??_C@_06ONKE@?$CInull?$CJ?$AA@ 004190e4     LIBCD:output.obj
 0002:000010ec       ??_C@_08MIHI@output?4c?$AA@ 004190ec     LIBCD:output.obj
 0002:000010f8       ??_C@_0P@PIHB@ch?5?$CB?$DN?5_T?$CI?8?20?8?$CJ?$AA@ 004190f8     LIBCD:output.obj
 0002:00001108       ??_C@_07IEFA@input?4c?$AA@ 00419108     LIBCD:input.obj
 0002:00001110       ??_C@_07HPAH@_file?4c?$AA@ 00419110     LIBCD:_file.obj
 0002:00001118       ??_C@_09JNND@_sftbuf?4c?$AA@ 00419118     LIBCD:_sftbuf.obj
 0002:00001124       ??_C@_0BH@EOPG@flag?5?$DN?$DN?50?5?$HM?$HM?5flag?5?$DN?$DN?51?$AA@ 00419124     LIBCD:_sftbuf.obj
 0002:0000113c       ??_C@_09DNOI@_filbuf?4c?$AA@ 0041913c     LIBCD:_filbuf.obj
 0002:00001158       __DEFAULT_CW_in_mem        00419158     LIBCD:common.obj
 0002:0000115a       __pi_by_2_to_61            0041915a     LIBCD:common.obj
 0002:00001198       __real@8@40008000000000000000 00419198     LIBCD:powhlp.obj
 0002:000011a0       ??_C@_07CMIP@ftell?4c?$AA@ 004191a0     LIBCD:ftell.obj
 0002:000011a8       ??_C@_0L@JIE@_freebuf?4c?$AA@ 004191a8     LIBCD:_freebuf.obj
 0002:000011b4       ??_C@_09IGKD@stdenvp?4c?$AA@ 004191b4     LIBCD:stdenvp.obj
 0002:000011c0       ??_C@_09MPMN@stdargv?4c?$AA@ 004191c0     LIBCD:stdargv.obj
 0002:000011cc       ??_C@_07BNNE@a_env?4c?$AA@ 004191cc     LIBCD:a_env.obj
 0002:000011d4       ??_C@_08KFDJ@ioinit?4c?$AA@ 004191d4     LIBCD:ioinit.obj
 0002:000011e0       ??_C@_0P@GGKG@runtime?5error?5?$AA@ 004191e0     LIBCD:crt0msg.obj
 0002:000011f0       ??_C@_02PIMC@?$AN?6?$AA@   004191f0     LIBCD:crt0msg.obj
 0002:000011f4       ??_C@_0O@DELO@TLOSS?5error?$AN?6?$AA@ 004191f4     LIBCD:crt0msg.obj
 0002:00001204       ??_C@_0N@OMLL@SING?5error?$AN?6?$AA@ 00419204     LIBCD:crt0msg.obj
 0002:00001214       ??_C@_0P@OJAK@DOMAIN?5error?$AN?6?$AA@ 00419214     LIBCD:crt0msg.obj
 0002:00001224       ??_C@_0CF@EANP@R6028?$AN?6?9?5unable?5to?5initialize?5he@ 00419224     LIBCD:crt0msg.obj
 0002:0000124c       ??_C@_0DF@ECGN@R6027?$AN?6?9?5not?5enough?5space?5for?5lo@ 0041924c     LIBCD:crt0msg.obj
 0002:00001284       ??_C@_0DF@FKAC@R6026?$AN?6?9?5not?5enough?5space?5for?5st@ 00419284     LIBCD:crt0msg.obj
 0002:000012bc       ??_C@_0CG@DPMN@R6025?$AN?6?9?5pure?5virtual?5function?5c@ 004192bc     LIBCD:crt0msg.obj
 0002:000012e4       ??_C@_0DF@CKIP@R6024?$AN?6?9?5not?5enough?5space?5for?5_o@ 004192e4     LIBCD:crt0msg.obj
 0002:0000131c       ??_C@_0CJ@GGOE@R6019?$AN?6?9?5unable?5to?5open?5console?5@ 0041931c     LIBCD:crt0msg.obj
 0002:00001348       ??_C@_0CB@LBOB@R6018?$AN?6?9?5unexpected?5heap?5error?$AN?6@ 00419348     LIBCD:crt0msg.obj
 0002:0000136c       ??_C@_0CN@FPEG@R6017?$AN?6?9?5unexpected?5multithread?5@ 0041936c     LIBCD:crt0msg.obj
 0002:0000139c       ??_C@_0CM@OBIC@R6016?$AN?6?9?5not?5enough?5space?5for?5th@ 0041939c     LIBCD:crt0msg.obj
 0002:000013c8       ??_C@_0CB@HPAL@?$AN?6abnormal?5program?5termination?$AN?6@ 004193c8     LIBCD:crt0msg.obj
 0002:000013ec       ??_C@_0CM@JOOB@R6009?$AN?6?9?5not?5enough?5space?5for?5en@ 004193ec     LIBCD:crt0msg.obj
 0002:00001418       ??_C@_0CK@OIBL@R6008?$AN?6?9?5not?5enough?5space?5for?5ar@ 00419418     LIBCD:crt0msg.obj
 0002:00001444       ??_C@_0CF@LKPB@R6002?$AN?6?9?5floating?5point?5not?5load@ 00419444     LIBCD:crt0msg.obj
 0002:0000146c       ??_C@_0CF@JPDF@Microsoft?5Visual?5C?$CL?$CL?5Runtime?5Lib@ 0041946c     LIBCD:crt0msg.obj
 0002:00001494       ??_C@_0BK@DEOK@Runtime?5Error?$CB?6?6Program?3?5?$AA@ 00419494     LIBCD:crt0msg.obj
 0002:000014b0       ??_C@_0L@HE@vsprintf?4c?$AA@ 004194b0     LIBCD:vsnprint.obj
 0002:000014bc       ??_C@_0BD@NJFP@GetLastActivePopup?$AA@ 004194bc     LIBCD:crtmbox.obj
 0002:000014d0       ??_C@_0BA@GILI@GetActiveWindow?$AA@ 004194d0     LIBCD:crtmbox.obj
 0002:000014e0       ??_C@_0M@PKCK@MessageBoxA?$AA@ 004194e0     LIBCD:crtmbox.obj
 0002:000014ec       ??_C@_09EMDO@_getbuf?4c?$AA@ 004194ec     LIBCD:_getbuf.obj
 0002:000014f8       ??_C@_08MOLN@mbtowc?4c?$AA@ 004194f8     LIBCD:mbtowc.obj
 0002:00001504       ??_C@_0CD@NPPL@MB_CUR_MAX?5?$DN?$DN?51?5?$HM?$HM?5MB_CUR_MAX?5?$DN?$DN@ 00419504     LIBCD:mbtowc.obj
 0002:00001528       ??_C@_08JKP@ungetc?4c?$AA@ 00419528     LIBCD:ungetc.obj
 0002:00001534       ??_C@_01A@?$AA?$AA@        00419534     LIBCD:a_str.obj
 0002:00001538       ??_C@_13A@?$AA?$AA?$AA?$AA@ 00419538     LIBCD:a_str.obj
 0002:0000154c       ??_C@_09LNLM@osfinfo?4c?$AA@ 0041954c     LIBCD:osfinfo.obj
 0002:00001570       ??_C@_06PAPI@1?$CDQNAN?$AA@ 00419570     LIBCD:x10fout.obj
 0002:00001578       ??_C@_05BGNL@1?$CDINF?$AA@ 00419578     LIBCD:x10fout.obj
 0002:00001580       ??_C@_05EDPF@1?$CDIND?$AA@ 00419580     LIBCD:x10fout.obj
 0002:00001588       ??_C@_06LKFM@1?$CDSNAN?$AA@ 00419588     LIBCD:x10fout.obj
 0002:00001590       ??_C@_08EIOK@chsize?4c?$AA@ 00419590     LIBCD:chsize.obj
 0002:0000159c       ??_C@_09NPGF@size?5?$DO?$DN?50?$AA@ 0041959c     LIBCD:chsize.obj
 0002:000015a8       ??_C@_03GAFO@_yn?$AA@      004195a8     LIBCD:fpexcept.obj
 0002:000015ac       ??_C@_03GNLD@_y1?$AA@      004195ac     LIBCD:fpexcept.obj
 0002:000015b0       ??_C@_03MHCE@_y0?$AA@      004195b0     LIBCD:fpexcept.obj
 0002:000015b4       ??_C@_05PAK@frexp?$AA@     004195b4     LIBCD:fpexcept.obj
 0002:000015bc       ??_C@_04JKCH@fmod?$AA@     004195bc     LIBCD:fpexcept.obj
 0002:000015c4       ??_C@_06GGHF@_hypot?$AA@   004195c4     LIBCD:fpexcept.obj
 0002:000015cc       ??_C@_05JNMC@_cabs?$AA@    004195cc     LIBCD:fpexcept.obj
 0002:000015d4       ??_C@_05MEKH@ldexp?$AA@    004195d4     LIBCD:fpexcept.obj
 0002:000015dc       ??_C@_04KAOJ@modf?$AA@     004195dc     LIBCD:fpexcept.obj
 0002:000015e4       ??_C@_04EHAJ@fabs?$AA@     004195e4     LIBCD:fpexcept.obj
 0002:000015ec       ??_C@_05MFBN@floor?$AA@    004195ec     LIBCD:fpexcept.obj
 0002:000015f4       ??_C@_04JJMP@ceil?$AA@     004195f4     LIBCD:fpexcept.obj
 0002:000015fc       ??_C@_03JLPI@tan?$AA@      004195fc     LIBCD:fpexcept.obj
 0002:00001600       ??_C@_03DLFL@cos?$AA@      00419600     LIBCD:fpexcept.obj
 0002:00001604       ??_C@_03JAMN@sin?$AA@      00419604     LIBCD:fpexcept.obj
 0002:00001608       ??_C@_04LMBE@sqrt?$AA@     00419608     LIBCD:fpexcept.obj
 0002:00001610       ??_C@_05BFPO@atan2?$AA@    00419610     LIBCD:fpexcept.obj
 0002:00001618       ??_C@_04EAGN@atan?$AA@     00419618     LIBCD:fpexcept.obj
 0002:00001620       ??_C@_04OAMO@acos?$AA@     00419620     LIBCD:fpexcept.obj
 0002:00001628       ??_C@_04ELFI@asin?$AA@     00419628     LIBCD:fpexcept.obj
 0002:00001630       ??_C@_04LFAD@tanh?$AA@     00419630     LIBCD:fpexcept.obj
 0002:00001638       ??_C@_04PFKD@cosh?$AA@     00419638     LIBCD:fpexcept.obj
 0002:00001640       ??_C@_04NPAI@sinh?$AA@     00419640     LIBCD:fpexcept.obj
 0002:00001648       ??_C@_05IJHH@log10?$AA@    00419648     LIBCD:fpexcept.obj
 0002:00001650       ??_C@_03BGKD@log?$AA@      00419650     LIBCD:fpexcept.obj
 0002:00001654       ??_C@_03EGFG@pow?$AA@      00419654     LIBCD:fpexcept.obj
 0002:00001658       ??_C@_03CDGJ@exp?$AA@      00419658     LIBCD:fpexcept.obj
 0002:0000165c       __IMPORT_DESCRIPTOR_KERNEL32 0041965c     kernel32:KERNEL32.dll
 0002:00001670       __NULL_IMPORT_DESCRIPTOR   00419670     kernel32:KERNEL32.dll
 0003:00000000       ___xc_a                    0041a000     LIBCD:crt0init.obj
 0003:00000008       ___xc_z                    0041a008     LIBCD:crt0init.obj
 0003:0000000c       ___xi_a                    0041a00c     LIBCD:crt0init.obj
 0003:0000001c       ___xi_z                    0041a01c     LIBCD:crt0init.obj
 0003:00000020       ___xp_a                    0041a020     LIBCD:crt0init.obj
 0003:00000028       ___xp_z                    0041a028     LIBCD:crt0init.obj
 0003:0000002c       ___xt_a                    0041a02c     LIBCD:crt0init.obj
 0003:00000030       ___xt_z                    0041a030     LIBCD:crt0init.obj
 0003:00000040       __fltused                  0041a040     LIBCD:fpinit.obj
 0003:00000044       __ldused                   0041a044     LIBCD:fpinit.obj
 0003:00000048       __FPinit                   0041a048     LIBCD:fpinit.obj
 0003:0000004c       __FPmtinit                 0041a04c     LIBCD:fpinit.obj
 0003:00000050       __FPmtterm                 0041a050     LIBCD:fpinit.obj
 0003:00000060       __crtDbgFlag               0041a060     LIBCD:dbgheap.obj
 0003:00000068       __crtBreakAlloc            0041a068     LIBCD:dbgheap.obj
 0003:00000090       __half                     0041a090     LIBCD:pow.obj
 0003:000000c8       __aexit_rtn                0041a0c8     LIBCD:crt0.obj
 0003:000000cc       ___app_type                0041a0cc     LIBCD:crt0.obj
 0003:000000d0       __cfltcvt_tab              0041a0d0     LIBCD:cmiscdat.obj
 0003:000000e8       __crtAssertBusy            0041a0e8     LIBCD:dbgrpt.obj
 0003:000000ec       __CrtDbgMode               0041a0ec     LIBCD:dbgrpt.obj
 0003:000000f8       __CrtDbgFile               0041a0f8     LIBCD:dbgrpt.obj
 0003:00000110       ___nullstring              0041a110     LIBCD:output.obj
 0003:00000114       ___wnullstring             0041a114     LIBCD:output.obj
 0003:00000128       __iob                      0041a128     LIBCD:_file.obj
 0003:000003b0       __pfnAllocHook             0041a3b0     LIBCD:dbghook.obj
 0003:000003b4       __amblksiz                 0041a3b4     LIBCD:heapinit.obj
 0003:000003b8       ___sbh_threshold           0041a3b8     LIBCD:sbheap.obj
 0003:000003bc       __pctype                   0041a3bc     LIBCD:ctype.obj
 0003:000003c0       __pwctype                  0041a3c0     LIBCD:ctype.obj
 0003:000003c4       __ctype                    0041a3c4     LIBCD:ctype.obj
 0003:000005c8       ___mb_cur_max              0041a5c8     LIBCD:nlsdata1.obj
 0003:000005cc       ___decimal_point           0041a5cc     LIBCD:nlsdata1.obj
 0003:000005d0       ___decimal_point_length    0041a5d0     LIBCD:nlsdata1.obj
 0003:000005e0       __infinity                 0041a5e0     LIBCD:87tran.obj
 0003:000005ea       __minfinity                0041a5ea     LIBCD:87tran.obj
 0003:000005f4       __logemax                  0041a5f4     LIBCD:87tran.obj
 0003:00000624       __OP_EXPjmptab             0041a624     LIBCD:87tran.obj
 0003:00000650       __indefinite               0041a650     LIBCD:87disp.obj
 0003:0000065a       __piby2                    0041a65a     LIBCD:87disp.obj
 0003:0000066c       __cpower                   0041a66c     LIBCD:87disp.obj
 0003:00000680       __XcptActTab               0041a680     LIBCD:winxfltr.obj
 0003:000006f8       __First_FPE_Indx           0041a6f8     LIBCD:winxfltr.obj
 0003:000006fc       __Num_FPE                  0041a6fc     LIBCD:winxfltr.obj
 0003:00000700       __XcptActTabCount          0041a700     LIBCD:winxfltr.obj
 0003:00000704       __fpecode                  0041a704     LIBCD:winxfltr.obj
 0003:00000708       ___badioinfo               0041a708     LIBCD:ioinit.obj
 0003:00000710       __NLG_Destination          0041a710     LIBCD:exsup.obj
 0003:00000ab0       __d_inf                    0041aab0     LIBCD:util.obj
 0003:00000ab8       __d_ind                    0041aab8     LIBCD:util.obj
 0003:00000ac0       __d_max                    0041aac0     LIBCD:util.obj
 0003:00000ac8       __d_min                    0041aac8     LIBCD:util.obj
 0003:00000ad0       __d_mzero                  0041aad0     LIBCD:util.obj
 0003:00000ca8       __matherr_flag             0041aca8     LIBCD:matherr.obj
 0003:00000cc8       __pow10pos                 0041acc8     LIBCD:constpow.obj
 0003:00000e28       __pow10neg                 0041ae28     LIBCD:constpow.obj
 0003:00000f88       ?musicname@@3PADA          0041af88     Wave_Rd.obj
 0003:00001038       ?Rxpn_AbsShiftAdd@@3PANA   0041b038     dss_sync.obj
 0003:00011038       ?Rxpn@@3PANA               0042b038     dss_sync.obj
 0003:00031030       ?Y_filter@@3PANA           0044b030     filter_aligned.obj
 0003:00041030       ?Frame_filter@@3PANA       0045b030     filter_aligned.obj
 0003:00051128       ?Rx_BufferL@@3PANA         0046b128     wmk_extrac.obj
 0003:00081128       ?Rx_BufferR@@3PANA         0049b128     wmk_extrac.obj
 0003:000b1128       ?State_Switch@@3U_State@@A 004cb128     psy_top.obj
 0003:000b1148       ?FrameL@@3PANA             004cb148     psy_top.obj
 0003:000c1148       ?FrameR@@3PANA             004db148     psy_top.obj
 0003:000d1148       ?musicdata@@3PAFA          004eb148     psy_top.obj
 0003:000d9148       ?musicdataL@@3PAFA         004f3148     psy_top.obj
 0003:000dd148       ?musicdataR@@3PAFA         004f7148     psy_top.obj
 0003:000e1148       ?PNinput@@3PANA            004fb148     psy_top.obj
 0003:000f1148       ?fft_pn@@3PAUComplex@@A    0050b148     psy_top.obj
 0003:000f114c       ?WaveRdFp@@3PAU_iobuf@@A   0050b14c     psy_top.obj
 0003:000f1150       ___fastflag                0050b150     LIBCD:fpinit.obj
 0003:000f1154       __adjust_fdiv              0050b154     LIBCD:fpinit.obj
 0003:000f1158       _errno                     0050b158     LIBCD:crt0dat.obj
 0003:000f115c       __doserrno                 0050b15c     LIBCD:crt0dat.obj
 0003:000f1160       __umaskval                 0050b160     LIBCD:crt0dat.obj
 0003:000f1164       __osver                    0050b164     LIBCD:crt0dat.obj
 0003:000f1168       __winver                   0050b168     LIBCD:crt0dat.obj
 0003:000f116c       __winmajor                 0050b16c     LIBCD:crt0dat.obj
 0003:000f1170       __winminor                 0050b170     LIBCD:crt0dat.obj
 0003:000f1174       ___argc                    0050b174     LIBCD:crt0dat.obj
 0003:000f1178       ___argv                    0050b178     LIBCD:crt0dat.obj
 0003:000f117c       ___wargv                   0050b17c     LIBCD:crt0dat.obj
 0003:000f1180       __environ                  0050b180     LIBCD:crt0dat.obj
 0003:000f1184       ___initenv                 0050b184     LIBCD:crt0dat.obj
 0003:000f1188       __wenviron                 0050b188     LIBCD:crt0dat.obj
 0003:000f118c       ___winitenv                0050b18c     LIBCD:crt0dat.obj
 0003:000f1190       __pgmptr                   0050b190     LIBCD:crt0dat.obj
 0003:000f1194       __wpgmptr                  0050b194     LIBCD:crt0dat.obj
 0003:000f1198       __exitflag                 0050b198     LIBCD:crt0dat.obj
 0003:000f119c       __C_Termination_Done       0050b19c     LIBCD:crt0dat.obj
 0003:000f11a0       __C_Exit_Done              0050b1a0     LIBCD:crt0dat.obj
 0003:000f11c8       __aenvptr                  0050b1c8     LIBCD:crt0.obj
 0003:000f11cc       __wenvptr                  0050b1cc     LIBCD:crt0.obj
 0003:000f11d0       ___error_mode              0050b1d0     LIBCD:crt0.obj
 0003:000f11e8       __cflush                   0050b1e8     LIBCD:_file.obj
 0003:000f11ec       __stdbuf                   0050b1ec     LIBCD:_sftbuf.obj
 0003:000f11f4       __newmode                  0050b1f4     LIBCD:_newmode.obj
 0003:000f11f8       ?_pnhHeap@@3P6AHI@ZA       0050b1f8     LIBCD:handler.obj
 0003:000f11fc       __pxcptinfoptrs            0050b1fc     LIBCD:winxfltr.obj
 0003:000f1308       __adbgmsg                  0050b308     LIBCD:crt0msg.obj
 0003:000f1360       __commode                  0050b360     LIBCD:ncommode.obj
 0003:000f1370       ___lc_handle               0050b370     LIBCD:nlsdata2.obj
 0003:000f1388       ___lc_codepage             0050b388     LIBCD:nlsdata2.obj
 0003:000f138c       ___lc_collate_cp           0050b38c     LIBCD:nlsdata2.obj
 0003:000f1390       __fmode                    0050b390     LIBCD:txtmode.obj
 0003:000f1394       ___mbcodepage              0050b394     <common>
 0003:000f13a0       ___mbulinfo                0050b3a0     <common>
 0003:000f13ac       ___ismbcodepage            0050b3ac     <common>
 0003:000f13c0       __mbcasemap                0050b3c0     <common>
 0003:000f14c0       __mbctype                  0050b4c0     <common>
 0003:000f15c4       ___mblcid                  0050b5c4     <common>
 0003:000f15e0       ___pioinfo                 0050b5e0     <common>
 0003:000f16e0       __nhandle                  0050b6e0     <common>
 0003:000f16e4       ___sbh_sizeHeaderList      0050b6e4     <common>
 0003:000f16e8       ___sbh_indGroupDefer       0050b6e8     <common>
 0003:000f16ec       ___sbh_pHeaderScan         0050b6ec     <common>
 0003:000f16f0       ___sbh_pHeaderDefer        0050b6f0     <common>
 0003:000f16f4       ___sbh_cntHeaderList       0050b6f4     <common>
 0003:000f16f8       ___sbh_pHeaderList         0050b6f8     <common>
 0003:000f16fc       __crtheap                  0050b6fc     <common>
 0003:000f1700       ___piob                    0050b700     <common>
 0003:000f1720       __bufin                    0050b720     <common>
 0003:000f2720       __nstream                  0050c720     <common>
 0003:000f2724       __pfnReportHook            0050c724     <common>
 0003:000f2728       __acmdln                   0050c728     <common>
 0003:000f272c       __pfnDumpClient            0050c72c     <common>
 0003:000f2730       ___env_initialized         0050c730     <common>
 0003:000f2734       ___mbctype_initialized     0050c734     <common>
 0003:000f2738       ___onexitend               0050c738     <common>
 0003:000f273c       ___onexitbegin             0050c73c     <common>

 entry point at        0001:00004820

 Static symbols

 0001:00001770       _$E10                      00402770 f   psy_top.obj
 0001:000017a0       _$E9                       004027a0 f   psy_top.obj
 0001:00015460       __get_fname                00416460 f   LIBCD:fpexcept.obj
 0001:00013270       _strncnt                   00414270 f   LIBCD:a_map.obj
 0001:00012aa0       _getSystemCP               00413aa0 f   LIBCD:mbctype.obj
 0001:00012b00       _CPtoLCID                  00413b00 f   LIBCD:mbctype.obj
 0001:00012b80       _setSBCS                   00413b80 f   LIBCD:mbctype.obj
 0001:00012c00       _setSBUpLow                00413c00 f   LIBCD:mbctype.obj
 0001:00010be4       label0                     00411be4 f   LIBCD:adj_fdiv.obj
 0001:00010bea       label1                     00411bea f   LIBCD:adj_fdiv.obj
 0001:00010bef       label2                     00411bef f   LIBCD:adj_fdiv.obj
 0001:00010bf5       label3                     00411bf5 f   LIBCD:adj_fdiv.obj
 0001:00010bfa       label4                     00411bfa f   LIBCD:adj_fdiv.obj
 0001:00010c00       label5                     00411c00 f   LIBCD:adj_fdiv.obj
 0001:00010c06       label6                     00411c06 f   LIBCD:adj_fdiv.obj
 0001:00010c0c       label7                     00411c0c f   LIBCD:adj_fdiv.obj
 0001:00010c12       label8                     00411c12 f   LIBCD:adj_fdiv.obj
 0001:00010c2e       label9                     00411c2e f   LIBCD:adj_fdiv.obj
 0001:00010c33       label10                    00411c33 f   LIBCD:adj_fdiv.obj
 0001:00010c49       label11                    00411c49 f   LIBCD:adj_fdiv.obj
 0001:00010c4e       label12                    00411c4e f   LIBCD:adj_fdiv.obj
 0001:00010c6a       label13                    00411c6a f   LIBCD:adj_fdiv.obj
 0001:00010c7a       label14                    00411c7a f   LIBCD:adj_fdiv.obj
 0001:00010c8e       label15                    00411c8e f   LIBCD:adj_fdiv.obj
 0001:00010c9e       label16                    00411c9e f   LIBCD:adj_fdiv.obj
 0001:00010cbe       label17                    00411cbe f   LIBCD:adj_fdiv.obj
 0001:00010cc3       label18                    00411cc3 f   LIBCD:adj_fdiv.obj
 0001:00010cdd       label19                    00411cdd f   LIBCD:adj_fdiv.obj
 0001:00010ce2       label20                    00411ce2 f   LIBCD:adj_fdiv.obj
 0001:00010d02       label21                    00411d02 f   LIBCD:adj_fdiv.obj
 0001:00010d16       label22                    00411d16 f   LIBCD:adj_fdiv.obj
 0001:00010d2e       label23                    00411d2e f   LIBCD:adj_fdiv.obj
 0001:00010d42       label24                    00411d42 f   LIBCD:adj_fdiv.obj
 0001:00010d62       label25                    00411d62 f   LIBCD:adj_fdiv.obj
 0001:00010d67       label26                    00411d67 f   LIBCD:adj_fdiv.obj
 0001:00010d81       label27                    00411d81 f   LIBCD:adj_fdiv.obj
 0001:00010d86       label28                    00411d86 f   LIBCD:adj_fdiv.obj
 0001:00010da6       label29                    00411da6 f   LIBCD:adj_fdiv.obj
 0001:00010dba       label30                    00411dba f   LIBCD:adj_fdiv.obj
 0001:00010dd2       label31                    00411dd2 f   LIBCD:adj_fdiv.obj
 0001:00010de6       label32                    00411de6 f   LIBCD:adj_fdiv.obj
 0001:00010e06       label33                    00411e06 f   LIBCD:adj_fdiv.obj
 0001:00010e0b       label34                    00411e0b f   LIBCD:adj_fdiv.obj
 0001:00010e25       label35                    00411e25 f   LIBCD:adj_fdiv.obj
 0001:00010e2a       label36                    00411e2a f   LIBCD:adj_fdiv.obj
 0001:00010e4a       label37                    00411e4a f   LIBCD:adj_fdiv.obj
 0001:00010e5e       label38                    00411e5e f   LIBCD:adj_fdiv.obj
 0001:00010e76       label39                    00411e76 f   LIBCD:adj_fdiv.obj
 0001:00010e8a       label40                    00411e8a f   LIBCD:adj_fdiv.obj
 0001:00010eaa       label41                    00411eaa f   LIBCD:adj_fdiv.obj
 0001:00010eaf       label42                    00411eaf f   LIBCD:adj_fdiv.obj
 0001:00010ec9       label43                    00411ec9 f   LIBCD:adj_fdiv.obj
 0001:00010ece       label44                    00411ece f   LIBCD:adj_fdiv.obj
 0001:00010eee       label45                    00411eee f   LIBCD:adj_fdiv.obj
 0001:00010f02       label46                    00411f02 f   LIBCD:adj_fdiv.obj
 0001:00010f1a       label47                    00411f1a f   LIBCD:adj_fdiv.obj
 0001:00010f2e       label48                    00411f2e f   LIBCD:adj_fdiv.obj
 0001:00010f4e       label49                    00411f4e f   LIBCD:adj_fdiv.obj
 0001:00010f53       label50                    00411f53 f   LIBCD:adj_fdiv.obj
 0001:00010f6d       label51                    00411f6d f   LIBCD:adj_fdiv.obj
 0001:00010f72       label52                    00411f72 f   LIBCD:adj_fdiv.obj
 0001:00010f92       label53                    00411f92 f   LIBCD:adj_fdiv.obj
 0001:00010fa6       label54                    00411fa6 f   LIBCD:adj_fdiv.obj
 0001:00010fbe       label55                    00411fbe f   LIBCD:adj_fdiv.obj
 0001:00010fd2       label56                    00411fd2 f   LIBCD:adj_fdiv.obj
 0001:00010ff2       label57                    00411ff2 f   LIBCD:adj_fdiv.obj
 0001:00010ff7       label58                    00411ff7 f   LIBCD:adj_fdiv.obj
 0001:00011011       label59                    00412011 f   LIBCD:adj_fdiv.obj
 0001:00011016       label60                    00412016 f   LIBCD:adj_fdiv.obj
 0001:00011036       label61                    00412036 f   LIBCD:adj_fdiv.obj
 0001:0001104a       label62                    0041204a f   LIBCD:adj_fdiv.obj
 0001:00011062       label63                    00412062 f   LIBCD:adj_fdiv.obj
 0001:000100d1       L1                         004110d1 f   LIBCD:ullrem.obj
 0001:000100df       L3                         004110df f   LIBCD:ullrem.obj
 0001:0001010a       L4                         0041110a f   LIBCD:ullrem.obj
 0001:00010112       L5                         00411112 f   LIBCD:ullrem.obj
 0001:00010121       L2                         00411121 f   LIBCD:ullrem.obj
 0001:0000f654       src_misaligned             00410654 f   LIBCD:strncpy.obj
 0001:0000f670       tail_loop_start            00410670 f   LIBCD:strncpy.obj
 0001:0000f675       copy_tail_loop             00410675 f   LIBCD:strncpy.obj
 0001:0000f682       fill_tail_end1             00410682 f   LIBCD:strncpy.obj
 0001:0000f68a       align_dest                 0041068a f   LIBCD:strncpy.obj
 0001:0000f692       dest_align_loop            00410692 f   LIBCD:strncpy.obj
 0001:0000f6a4       dest_align_loop_end        004106a4 f   LIBCD:strncpy.obj
 0001:0000f6ab       finish_loop                004106ab f   LIBCD:strncpy.obj
 0001:0000f6ae       fill_tail_zero_bytes       004106ae f   LIBCD:strncpy.obj
 0001:0000f6b3       finish                     004106b3 f   LIBCD:strncpy.obj
 0001:0000f6b9       main_loop                  004106b9 f   LIBCD:strncpy.obj
 0001:0000f6c1       main_loop_entrance         004106c1 f   LIBCD:strncpy.obj
 0001:0000f6f7       byte_2                     004106f7 f   LIBCD:strncpy.obj
 0001:0000f701       byte_1                     00410701 f   LIBCD:strncpy.obj
 0001:0000f70b       byte_0                     0041070b f   LIBCD:strncpy.obj
 0001:0000f70f       fill_with_EOS_dwords       0041070f f   LIBCD:strncpy.obj
 0001:0000f717       fill_dwords_with_EOS       00410717 f   LIBCD:strncpy.obj
 0001:0000f719       fill_with_EOS_loop         00410719 f   LIBCD:strncpy.obj
 0001:0000f721       fill_tail                  00410721 f   LIBCD:strncpy.obj
 0001:0000f726       fill_tail_end              00410726 f   LIBCD:strncpy.obj
 0001:0000f2e0       _ctrlevent_capture@4       004102e0 f   LIBCD:winsig.obj
 0001:0000f510       _siglookup                 00410510 f   LIBCD:winsig.obj
 0001:0000eca0       _xtoa                      0040fca0 f   LIBCD:xtoa.obj
 0001:0000ee20       _x64toa@20                 0040fe20 f   LIBCD:xtoa.obj
 0001:0000ebcc       str_misaligned             0040fbcc f   LIBCD:strlen.obj
 0001:0000ebe0       main_loop                  0040fbe0 f   LIBCD:strlen.obj
 0001:0000ec13       byte_3                     0040fc13 f   LIBCD:strlen.obj
 0001:0000ec1d       byte_2                     0040fc1d f   LIBCD:strlen.obj
 0001:0000ec27       byte_1                     0040fc27 f   LIBCD:strlen.obj
 0001:0000ec31       byte_0                     0040fc31 f   LIBCD:strlen.obj
 0001:0000e8f0       LeadUp1                    0040f8f0 f   LIBCD:memmove.obj
 0001:0000e91c       LeadUp2                    0040f91c f   LIBCD:memmove.obj
 0001:0000e940       LeadUp3                    0040f940 f   LIBCD:memmove.obj
 0001:0000e9bf       UnwindUp0                  0040f9bf f   LIBCD:memmove.obj
 0001:0000e9ac       UnwindUp1                  0040f9ac f   LIBCD:memmove.obj
 0001:0000e9a4       UnwindUp2                  0040f9a4 f   LIBCD:memmove.obj
 0001:0000e99c       UnwindUp3                  0040f99c f   LIBCD:memmove.obj
 0001:0000e994       UnwindUp4                  0040f994 f   LIBCD:memmove.obj
 0001:0000e98c       UnwindUp5                  0040f98c f   LIBCD:memmove.obj
 0001:0000e984       UnwindUp6                  0040f984 f   LIBCD:memmove.obj
 0001:0000e97c       UnwindUp7                  0040f97c f   LIBCD:memmove.obj
 0001:0000e9d8       TrailUp0                   0040f9d8 f   LIBCD:memmove.obj
 0001:0000e9e0       TrailUp1                   0040f9e0 f   LIBCD:memmove.obj
 0001:0000e9ec       TrailUp2                   0040f9ec f   LIBCD:memmove.obj
 0001:0000ea00       TrailUp3                   0040fa00 f   LIBCD:memmove.obj
 0001:0000ea78       LeadDown1                  0040fa78 f   LIBCD:memmove.obj
 0001:0000ea98       LeadDown2                  0040fa98 f   LIBCD:memmove.obj
 0001:0000eac0       LeadDown3                  0040fac0 f   LIBCD:memmove.obj
 0001:0000eb14       UnwindDown7                0040fb14 f   LIBCD:memmove.obj
 0001:0000eb1c       UnwindDown6                0040fb1c f   LIBCD:memmove.obj
 0001:0000eb24       UnwindDown5                0040fb24 f   LIBCD:memmove.obj
 0001:0000eb2c       UnwindDown4                0040fb2c f   LIBCD:memmove.obj
 0001:0000eb34       UnwindDown3                0040fb34 f   LIBCD:memmove.obj
 0001:0000eb3c       UnwindDown2                0040fb3c f   LIBCD:memmove.obj
 0001:0000eb44       UnwindDown1                0040fb44 f   LIBCD:memmove.obj
 0001:0000eb57       UnwindDown0                0040fb57 f   LIBCD:memmove.obj
 0001:0000eb70       TrailDown0                 0040fb70 f   LIBCD:memmove.obj
 0001:0000eb78       TrailDown1                 0040fb78 f   LIBCD:memmove.obj
 0001:0000eb88       TrailDown2                 0040fb88 f   LIBCD:memmove.obj
 0001:0000eb9c       TrailDown3                 0040fb9c f   LIBCD:memmove.obj
 0001:0000e8a0       CopyUp                     0040f8a0 f   LIBCD:memmove.obj
 0001:0000e8bc       CopyLeadUp                 0040f8bc f   LIBCD:memmove.obj
 0001:0000e8d4       ByteCopyUp                 0040f8d4 f   LIBCD:memmove.obj
 0001:0000e8dc       CopyUnwindUp               0040f8dc f   LIBCD:memmove.obj
 0001:0000ea18       CopyDown                   0040fa18 f   LIBCD:memmove.obj
 0001:0000ea40       CopyUnwindDown             0040fa40 f   LIBCD:memmove.obj
 0001:0000ea4c       CopyLeadDown               0040fa4c f   LIBCD:memmove.obj
 0001:0000ea64       ByteCopyDown               0040fa64 f   LIBCD:memmove.obj
 0001:0000e4bd       dest_misaligned            0040f4bd f   LIBCD:strcat.obj
 0001:0000e4cc       find_end_of_dest_string_loop 0040f4cc f   LIBCD:strcat.obj
 0001:0000e4ff       start_byte_3               0040f4ff f   LIBCD:strcat.obj
 0001:0000e504       start_byte_2               0040f504 f   LIBCD:strcat.obj
 0001:0000e509       start_byte_1               0040f509 f   LIBCD:strcat.obj
 0001:0000e50e       start_byte_0               0040f50e f   LIBCD:strcat.obj
 0001:0000e51d       src_misaligned             0040f51d f   LIBCD:strcat.obj
 0001:0000e531       main_loop                  0040f531 f   LIBCD:strcat.obj
 0001:0000e536       main_loop_entrance         0040f536 f   LIBCD:strcat.obj
 0001:0000e56a       byte_3                     0040f56a f   LIBCD:strcat.obj
 0001:0000e572       byte_2                     0040f572 f   LIBCD:strcat.obj
 0001:0000e57f       byte_1                     0040f57f f   LIBCD:strcat.obj
 0001:0000e588       byte_0                     0040f588 f   LIBCD:strcat.obj
 0001:0000e511       copy_start                 0040f511 f   LIBCD:strcat.obj
 0001:0000d7f0       __abstract_cw              0040e7f0 f   LIBCD:ieee87.obj
 0001:0000d970       __hw_cw                    0040e970 f   LIBCD:ieee87.obj
 0001:0000dad0       __abstract_sw              0040ead0 f   LIBCD:ieee87.obj
 0001:0000d2bc       _gu_return                 0040e2bc f   LIBCD:exsup.obj
 0001:0000d2c4       __unwind_handler           0040e2c4 f   LIBCD:exsup.obj
 0001:0000c8f0       _parse_cmdline             0040d8f0 f   LIBCD:stdargv.obj
 0001:0000c660       _xcptlookup                0040d660 f   LIBCD:winxfltr.obj
 0001:0000bfb0       _flsall                    0040cfb0 f   LIBCD:fflush.obj
 0001:0000b4e1       fFEXP                      0040c4e1 f   LIBCD:87tran.obj
 0001:0000b621       _rtforexpinf               0040c621 f   LIBCD:87tran.obj
 0001:0000b4c0       MORE32                     0040c4c0 f   LIBCD:llshl.obj
 0001:0000b4ca       RETZERO                    0040c4ca f   LIBCD:llshl.obj
 0001:0000b462       L1                         0040c462 f   LIBCD:ulldiv.obj
 0001:0000b470       L3                         0040c470 f   LIBCD:ulldiv.obj
 0001:0000b49e       L4                         0040c49e f   LIBCD:ulldiv.obj
 0001:0000b49f       L5                         0040c49f f   LIBCD:ulldiv.obj
 0001:0000b4a3       L2                         0040c4a3 f   LIBCD:ulldiv.obj
 0001:000091a3       adjust_loop                0040a1a3 f   LIBCD:memset.obj
 0001:000091a9       dwords                     0040a1a9 f   LIBCD:memset.obj
 0001:000091c3       main_loop_tail             0040a1c3 f   LIBCD:memset.obj
 0001:000091c7       tail                       0040a1c7 f   LIBCD:memset.obj
 0001:000091cd       finish                     0040a1cd f   LIBCD:memset.obj
 0001:000091d3       toend                      0040a1d3 f   LIBCD:memset.obj
 0001:00008e50       LeadUp1                    00409e50 f   LIBCD:memcpy.obj
 0001:00008e7c       LeadUp2                    00409e7c f   LIBCD:memcpy.obj
 0001:00008ea0       LeadUp3                    00409ea0 f   LIBCD:memcpy.obj
 0001:00008f1f       UnwindUp0                  00409f1f f   LIBCD:memcpy.obj
 0001:00008f0c       UnwindUp1                  00409f0c f   LIBCD:memcpy.obj
 0001:00008f04       UnwindUp2                  00409f04 f   LIBCD:memcpy.obj
 0001:00008efc       UnwindUp3                  00409efc f   LIBCD:memcpy.obj
 0001:00008ef4       UnwindUp4                  00409ef4 f   LIBCD:memcpy.obj
 0001:00008eec       UnwindUp5                  00409eec f   LIBCD:memcpy.obj
 0001:00008ee4       UnwindUp6                  00409ee4 f   LIBCD:memcpy.obj
 0001:00008edc       UnwindUp7                  00409edc f   LIBCD:memcpy.obj
 0001:00008f38       TrailUp0                   00409f38 f   LIBCD:memcpy.obj
 0001:00008f40       TrailUp1                   00409f40 f   LIBCD:memcpy.obj
 0001:00008f4c       TrailUp2                   00409f4c f   LIBCD:memcpy.obj
 0001:00008f60       TrailUp3                   00409f60 f   LIBCD:memcpy.obj
 0001:00008fd8       LeadDown1                  00409fd8 f   LIBCD:memcpy.obj
 0001:00008ff8       LeadDown2                  00409ff8 f   LIBCD:memcpy.obj
 0001:00009020       LeadDown3                  0040a020 f   LIBCD:memcpy.obj
 0001:00009074       UnwindDown7                0040a074 f   LIBCD:memcpy.obj
 0001:0000907c       UnwindDown6                0040a07c f   LIBCD:memcpy.obj
 0001:00009084       UnwindDown5                0040a084 f   LIBCD:memcpy.obj
 0001:0000908c       UnwindDown4                0040a08c f   LIBCD:memcpy.obj
 0001:00009094       UnwindDown3                0040a094 f   LIBCD:memcpy.obj
 0001:0000909c       UnwindDown2                0040a09c f   LIBCD:memcpy.obj
 0001:000090a4       UnwindDown1                0040a0a4 f   LIBCD:memcpy.obj
 0001:000090b7       UnwindDown0                0040a0b7 f   LIBCD:memcpy.obj
 0001:000090d0       TrailDown0                 0040a0d0 f   LIBCD:memcpy.obj
 0001:000090d8       TrailDown1                 0040a0d8 f   LIBCD:memcpy.obj
 0001:000090e8       TrailDown2                 0040a0e8 f   LIBCD:memcpy.obj
 0001:000090fc       TrailDown3                 0040a0fc f   LIBCD:memcpy.obj
 0001:00008e00       CopyUp                     00409e00 f   LIBCD:memcpy.obj
 0001:00008e1c       CopyLeadUp                 00409e1c f   LIBCD:memcpy.obj
 0001:00008e34       ByteCopyUp                 00409e34 f   LIBCD:memcpy.obj
 0001:00008e3c       CopyUnwindUp               00409e3c f   LIBCD:memcpy.obj
 0001:00008f78       CopyDown                   00409f78 f   LIBCD:memcpy.obj
 0001:00008fa0       CopyUnwindDown             00409fa0 f   LIBCD:memcpy.obj
 0001:00008fac       CopyLeadDown               00409fac f   LIBCD:memcpy.obj
 0001:00008fc4       ByteCopyDown               00409fc4 f   LIBCD:memcpy.obj
 0001:00008310       __hextodec                 00409310 f   LIBCD:input.obj
 0001:00008370       __inc                      00409370 f   LIBCD:input.obj
 0001:000083d0       __un_inc                   004093d0 f   LIBCD:input.obj
 0001:000083f0       __whiteout                 004093f0 f   LIBCD:input.obj
 0001:00006dc0       _write_char                00407dc0 f   LIBCD:output.obj
 0001:00006e40       _write_multi_char          00407e40 f   LIBCD:output.obj
 0001:00006e80       _write_string              00407e80 f   LIBCD:output.obj
 0001:00006ed0       _get_int_arg               00407ed0 f   LIBCD:output.obj
 0001:00006ef0       _get_int64_arg             00407ef0 f   LIBCD:output.obj
 0001:00006f10       _get_short_arg             00407f10 f   LIBCD:output.obj
 0001:00005680       _CrtMessageWindow          00406680 f   LIBCD:dbgrpt.obj
 0001:000050e0       __cftoe_g                  004060e0 f   LIBCD:cvt.obj
 0001:00005120       __cftof_g                  00406120 f   LIBCD:cvt.obj
 0001:000051b0       __shift                    004061b0 f   LIBCD:cvt.obj
 0001:00004980       _fast_error_exit           00405980 f   LIBCD:crt0.obj
 0001:00002730       _realloc_help              00403730 f   LIBCD:dbgheap.obj
 0001:000032f0       _CheckBytes                004042f0 f   LIBCD:dbgheap.obj
 0001:00003e80       __printMemBlockData        00404e80 f   LIBCD:dbgheap.obj
 0001:00002230       _$$$00001                  00403230 f   LIBCD:chkstk.obj
 0001:0000223c       probepages                 0040323c f   LIBCD:chkstk.obj
 0001:00002250       lastpage                   00403250 f   LIBCD:chkstk.obj
 0001:00001b80       _doexit                    00402b80 f   LIBCD:crt0dat.obj
 0001:00001c60       __initterm                 00402c60 f   LIBCD:crt0dat.obj
